[2026-08-16 20:18:49] Event: 54 | Ticket: 6a82146af37fd | Status: SUCCESS | Message: Ticket scanned successfully. | Extra: {"child_id":34231947,"remaining":0}
[2026-08-17 00:26:57] Event: 54 | Ticket: 6a7603f08eaa2 | Status: SUCCESS | Message: Ticket scanned successfully. | Extra: {"child_id":303423,"remaining":0}
[2026-08-17 00:27:57] Event: 54 | Ticket: 6a74bb295cce1 | Status: SUCCESS | Message: Ticket scanned successfully. | Extra: {"child_id":303405,"remaining":0}
[2026-08-17 00:28:29] Event: 54 | Ticket: 6a74bb295cce1 | Status: FAILED | Message: Check-in limit exceeded! | Extra: {"child_id":303405}
[2026-08-17 00:28:36] Event: 54 | Ticket: 6a74bb295cce1 | Status: FAILED | Message: Check-in limit exceeded! | Extra: {"child_id":303405}
[2026-08-17 00:29:17] Event: 54 | Ticket: 6a74bb295cce1 | Status: FAILED | Message: Check-in limit exceeded! | Extra: {"child_id":303405}
[2026-08-17 00:29:36] Event: 54 | Ticket: 6a820a729d39d | Status: SUCCESS | Message: Ticket scanned successfully. | Extra: {"child_id":34231934,"remaining":0}
[2026-08-17 00:29:47] Event: 54 | Ticket: 6a820a729d56f | Status: SUCCESS | Message: Ticket scanned successfully. | Extra: {"child_id":34231935,"remaining":0}
[2026-08-17 00:29:57] Event: 54 | Ticket: 6a820a729d39d | Status: FAILED | Message: Check-in limit exceeded! | Extra: {"child_id":34231934}
[2026-08-17 00:30:02] Event: 54 | Ticket: 6a820a729d19f | Status: SUCCESS | Message: Ticket scanned successfully. | Extra: {"child_id":34231933,"remaining":0}
[2026-08-17 00:30:11] Event: 54 | Ticket: 6a6e2be1828db | Status: SUCCESS | Message: Ticket scanned successfully. | Extra: {"child_id":303294,"remaining":0}
[2026-08-17 00:30:11] Event: 54 | Ticket: 6a820a729cd79 | Status: SUCCESS | Message: Ticket scanned successfully. | Extra: {"child_id":34231932,"remaining":0}
[2026-08-17 00:30:16] Event: 54 | Ticket: 6a6e2be182cad | Status: SUCCESS | Message: Ticket scanned successfully. | Extra: {"child_id":303295,"remaining":0}
[2026-08-17 00:30:20] Event: 54 | Ticket: 6a6e2be182ecd | Status: SUCCESS | Message: Ticket scanned successfully. | Extra: {"child_id":303297,"remaining":0}
[2026-08-17 00:30:25] Event: 54 | Ticket: 6a6e2be182df3 | Status: SUCCESS | Message: Ticket scanned successfully. | Extra: {"child_id":303296,"remaining":0}
[2026-08-17 00:30:32] Event: 54 | Ticket: 6a6e2be183000 | Status: SUCCESS | Message: Ticket scanned successfully. | Extra: {"child_id":303298,"remaining":0}
[2026-08-17 00:30:40] Event: 54 | Ticket: 6a6e2be183000 | Status: FAILED | Message: Check-in limit exceeded! | Extra: {"child_id":303298}
[2026-08-17 00:30:45] Event: 54 | Ticket: 6a6e2be183000 | Status: FAILED | Message: Check-in limit exceeded! | Extra: {"child_id":303298}
[2026-08-17 00:30:51] Event: 54 | Ticket: 6a6e2be183132 | Status: SUCCESS | Message: Ticket scanned successfully. | Extra: {"child_id":303299,"remaining":0}
[2026-08-17 00:35:18] Event: 54 | Ticket: 6a82201b76279 | Status: SUCCESS | Message: Ticket scanned successfully. | Extra: {"child_id":34231952,"remaining":0}
[2026-08-17 00:35:42] Event: 54 | Ticket: 6a808ec9a9dad | Status: SUCCESS | Message: Ticket scanned successfully. | Extra: {"child_id":34231890,"remaining":0}
[2026-08-17 00:36:11] Event: 54 | Ticket: 6a808ec9a9dad | Status: FAILED | Message: Check-in limit exceeded! | Extra: {"child_id":34231890}
[2026-08-17 00:36:24] Event: 54 | Ticket: 6a808ec9a9dad | Status: FAILED | Message: Check-in limit exceeded! | Extra: {"child_id":34231890}
[2026-08-17 00:36:29] Event: 54 | Ticket: 6a808ec9a9dad | Status: FAILED | Message: Check-in limit exceeded! | Extra: {"child_id":34231890}
[2026-08-17 00:36:31] Event: 54 | Ticket: 6a808ec9aa613 | Status: SUCCESS | Message: Ticket scanned successfully. | Extra: {"child_id":34231891,"remaining":0}
[2026-08-17 00:36:34] Event: 54 | Ticket: 6a808ec9a9dad | Status: FAILED | Message: Check-in limit exceeded! | Extra: {"child_id":34231890}
[2026-08-17 00:36:35] Event: 54 | Ticket: 6a808ec9aa613 | Status: FAILED | Message: Check-in limit exceeded! | Extra: {"child_id":34231891}
[2026-08-17 00:36:38] Event: 54 | Ticket: 6a808ec9a9dad | Status: FAILED | Message: Check-in limit exceeded! | Extra: {"child_id":34231890}
[2026-08-17 00:36:40] Event: 54 | Ticket: 6a808ec9aa613 | Status: FAILED | Message: Check-in limit exceeded! | Extra: {"child_id":34231891}
[2026-08-17 00:36:41] Event: 54 | Ticket: 6a808ec9a9dad | Status: FAILED | Message: Check-in limit exceeded! | Extra: {"child_id":34231890}
[2026-08-17 00:36:49] Event: 54 | Ticket: 6a82558b738b6 | Status: SUCCESS | Message: Ticket scanned successfully. | Extra: {"child_id":34231968,"remaining":0}
[2026-08-17 00:36:51] Event: 54 | Ticket: 6a82558b73c14 | Status: SUCCESS | Message: Ticket scanned successfully. | Extra: {"child_id":34231969,"remaining":0}
[2026-08-17 00:37:20] Event: 54 | Ticket: 6a5d9c7785161 | Status: SUCCESS | Message: Ticket scanned successfully. | Extra: {"child_id":302794,"remaining":null}
[2026-08-17 00:37:27] Event: 54 | Ticket: 6a5575a9b4bde | Status: SUCCESS | Message: Ticket scanned successfully. | Extra: {"child_id":302569,"remaining":null}
[2026-08-17 00:37:30] Event: 54 | Ticket: 6a5544a83c449 | Status: SUCCESS | Message: Ticket scanned successfully. | Extra: {"child_id":302556,"remaining":null}
[2026-08-17 00:37:34] Event: 54 | Ticket: 6a5575a9b4389 | Status: SUCCESS | Message: Ticket scanned successfully. | Extra: {"child_id":302568,"remaining":null}
[2026-08-17 00:39:11] Event: 54 | Ticket: 6a6ccd1ef3afc | Status: SUCCESS | Message: Ticket scanned successfully. | Extra: {"child_id":303244,"remaining":0}
[2026-08-17 00:39:14] Event: 54 | Ticket: 6a6ccd1ef3c04 | Status: SUCCESS | Message: Ticket scanned successfully. | Extra: {"child_id":303245,"remaining":0}
[2026-08-17 00:39:19] Event: 54 | Ticket: 6a6ccd1ef3c04 | Status: FAILED | Message: Check-in limit exceeded! | Extra: {"child_id":303245}
[2026-08-17 00:39:28] Event: 54 | Ticket: 6a7762454c27c | Status: SUCCESS | Message: Ticket scanned successfully. | Extra: {"child_id":303444,"remaining":0}
[2026-08-17 00:39:34] Event: 54 | Ticket: 6a8153ebc816d | Status: SUCCESS | Message: Ticket scanned successfully. | Extra: {"child_id":34231928,"remaining":0}
[2026-08-17 00:39:38] Event: 54 | Ticket: 6a8153ebc8bbc | Status: SUCCESS | Message: Ticket scanned successfully. | Extra: {"child_id":34231929,"remaining":0}
[2026-08-17 00:39:40] Event: 54 | Ticket: 6a5650a54506b | Status: SUCCESS | Message: Ticket scanned successfully. | Extra: {"child_id":302591,"remaining":null}
[2026-08-17 00:39:40] Event: 54 | Ticket: 6a6ccd1ef3c04 | Status: FAILED | Message: Check-in limit exceeded! | Extra: {"child_id":303245}
[2026-08-17 00:39:50] Event: 54 | Ticket: 6a6eae2ccb019 | Status: SUCCESS | Message: Ticket scanned successfully. | Extra: {"child_id":303320,"remaining":null}
[2026-08-17 00:39:55] Event: 54 | Ticket: 6a5650a545792 | Status: SUCCESS | Message: Ticket scanned successfully. | Extra: {"child_id":302592,"remaining":null}
[2026-08-17 00:40:13] Event: 54 | Ticket: 6a64fdbd2580a | Status: SUCCESS | Message: Ticket scanned successfully. | Extra: {"child_id":303140,"remaining":null}
[2026-08-17 00:40:18] Event: 54 | Ticket: 6a82373b11a05 | Status: SUCCESS | Message: Ticket scanned successfully. | Extra: {"child_id":34231965,"remaining":0}
[2026-08-17 00:40:20] Event: 54 | Ticket: 6a6128eda34b3 | Status: SUCCESS | Message: Ticket scanned successfully. | Extra: {"child_id":303070,"remaining":null}
[2026-08-17 00:40:21] Event: 54 | Ticket: 6a6128eda31d4 | Status: SUCCESS | Message: Ticket scanned successfully. | Extra: {"child_id":303069,"remaining":null}
[2026-08-17 00:40:26] Event: 54 | Ticket: 6a82373b12019 | Status: SUCCESS | Message: Ticket scanned successfully. | Extra: {"child_id":34231966,"remaining":0}
[2026-08-17 00:40:28] Event: 54 | Ticket: 6a6128eda307a | Status: SUCCESS | Message: Ticket scanned successfully. | Extra: {"child_id":303068,"remaining":null}
[2026-08-17 00:40:31] Event: 54 | Ticket: 6a6128eda2879 | Status: SUCCESS | Message: Ticket scanned successfully. | Extra: {"child_id":303067,"remaining":null}
[2026-08-17 00:40:32] Event: 54 | Ticket: 6a8213e1007cc | Status: SUCCESS | Message: Ticket scanned successfully. | Extra: {"child_id":34231939,"remaining":0}
[2026-08-17 00:40:50] Event: 54 | Ticket: 6a6ccd1ef3d0a | Status: SUCCESS | Message: Ticket scanned successfully. | Extra: {"child_id":303246,"remaining":0}
[2026-08-17 00:40:55] Event: 54 | Ticket: 6a6ccd1ef3d0a | Status: FAILED | Message: Check-in limit exceeded! | Extra: {"child_id":303246}
[2026-08-17 00:41:04] Event: 54 | Ticket: 6a6ccd1ef3d0a | Status: FAILED | Message: Check-in limit exceeded! | Extra: {"child_id":303246}
[2026-08-17 00:41:09] Event: 54 | Ticket: 6a6ccd1ef3d0a | Status: FAILED | Message: Check-in limit exceeded! | Extra: {"child_id":303246}
[2026-08-17 00:41:14] Event: 54 | Ticket: 6a6ccd1ef3d0a | Status: FAILED | Message: Check-in limit exceeded! | Extra: {"child_id":303246}
[2026-08-17 00:41:24] Event: 54 | Ticket: 6a6ccd1ef3d0a | Status: FAILED | Message: Check-in limit exceeded! | Extra: {"child_id":303246}
[2026-08-17 00:41:29] Event: 54 | Ticket: 6a6ccd1ef3d0a | Status: FAILED | Message: Check-in limit exceeded! | Extra: {"child_id":303246}
[2026-08-17 00:41:34] Event: 54 | Ticket: 6a6ccd1ef3d0a | Status: FAILED | Message: Check-in limit exceeded! | Extra: {"child_id":303246}
[2026-08-17 00:41:39] Event: 54 | Ticket: 6a6ccd1ef3d0a | Status: FAILED | Message: Check-in limit exceeded! | Extra: {"child_id":303246}
[2026-08-17 00:41:44] Event: 54 | Ticket: 6a6ccd1ef3d0a | Status: FAILED | Message: Check-in limit exceeded! | Extra: {"child_id":303246}
[2026-08-17 00:41:55] Event: 54 | Ticket: 6a6cdf555bb14 | Status: SUCCESS | Message: Ticket scanned successfully. | Extra: {"child_id":303268,"remaining":null}
[2026-08-17 00:41:57] Event: 54 | Ticket: 6a6944de07d1d | Status: SUCCESS | Message: Ticket scanned successfully. | Extra: {"child_id":303162,"remaining":null}
[2026-08-17 00:41:59] Event: 54 | Ticket: 6a6cdf555c104 | Status: SUCCESS | Message: Ticket scanned successfully. | Extra: {"child_id":303269,"remaining":null}
[2026-08-17 00:42:00] Event: 54 | Ticket: 6a6ccd1ef3d0a | Status: FAILED | Message: Check-in limit exceeded! | Extra: {"child_id":303246}
[2026-08-17 00:42:02] Event: 54 | Ticket: 6a6cdf555c1f6 | Status: SUCCESS | Message: Ticket scanned successfully. | Extra: {"child_id":303270,"remaining":null}
[2026-08-17 00:42:06] Event: 54 | Ticket: 6a6cdf555c2c4 | Status: SUCCESS | Message: Ticket scanned successfully. | Extra: {"child_id":303271,"remaining":null}
[2026-08-17 00:42:06] Event: 54 | Ticket: 6a6ccd1ef3d0a | Status: FAILED | Message: Check-in limit exceeded! | Extra: {"child_id":303246}
[2026-08-17 00:42:12] Event: 54 | Ticket: 6a6944de0733c | Status: SUCCESS | Message: Ticket scanned successfully. | Extra: {"child_id":303160,"remaining":null}
[2026-08-17 00:42:14] Event: 54 | Ticket: 6a6ccd1ef3d0a | Status: FAILED | Message: Check-in limit exceeded! | Extra: {"child_id":303246}
[2026-08-17 00:42:17] Event: 54 | Ticket: 6a6944de07d1d | Status: SUCCESS | Message: Ticket scanned successfully. | Extra: {"child_id":303162,"remaining":null}
[2026-08-17 00:42:20] Event: 54 | Ticket: 6a6ccd1ef3d0a | Status: FAILED | Message: Check-in limit exceeded! | Extra: {"child_id":303246}
[2026-08-17 00:42:24] Event: 54 | Ticket: 6a6944de07dfd | Status: SUCCESS | Message: Ticket scanned successfully. | Extra: {"child_id":303163,"remaining":null}
[2026-08-17 00:42:29] Event: 54 | Ticket: 6a5adeec7a227 | Status: SUCCESS | Message: Ticket scanned successfully. | Extra: {"child_id":302753,"remaining":null}
[2026-08-17 00:42:30] Event: 54 | Ticket: 6a6944de07f25 | Status: SUCCESS | Message: Ticket scanned successfully. | Extra: {"child_id":303164,"remaining":null}
[2026-08-17 00:42:36] Event: 54 | Ticket: 6a5adeec7a969 | Status: SUCCESS | Message: Ticket scanned successfully. | Extra: {"child_id":302754,"remaining":null}
[2026-08-17 00:42:37] Event: 54 | Ticket: 6a6944de07f25 | Status: SUCCESS | Message: Ticket scanned successfully. | Extra: {"child_id":303164,"remaining":null}
[2026-08-17 00:42:42] Event: 54 | Ticket: 6a6ccd1ef3d0a | Status: FAILED | Message: Check-in limit exceeded! | Extra: {"child_id":303246}
[2026-08-17 00:42:48] Event: 54 | Ticket: 6a6ccd1ef3d0a | Status: FAILED | Message: Check-in limit exceeded! | Extra: {"child_id":303246}
[2026-08-17 00:43:35] Event: 54 | Ticket: 6a7aa5ae58ded | Status: SUCCESS | Message: Ticket scanned successfully. | Extra: {"child_id":303551,"remaining":0}
[2026-08-17 00:43:40] Event: 54 | Ticket: 6a55450996a75 | Status: SUCCESS | Message: Ticket scanned successfully. | Extra: {"child_id":302559,"remaining":null}
[2026-08-17 00:44:07] Event: 54 | Ticket: 6a55450996d4c | Status: SUCCESS | Message: Ticket scanned successfully. | Extra: {"child_id":302560,"remaining":null}
[2026-08-17 00:44:10] Event: 54 | Ticket: 6a6ccd1ef3d0a | Status: FAILED | Message: Check-in limit exceeded! | Extra: {"child_id":303246}
[2026-08-17 00:44:22] Event: 54 | Ticket: 6a7aa5ae578e2 | Status: SUCCESS | Message: Ticket scanned successfully. | Extra: {"child_id":303543,"remaining":0}
[2026-08-17 00:44:33] Event: 54 | Ticket: 6a7aa5ae58358 | Status: SUCCESS | Message: Ticket scanned successfully. | Extra: {"child_id":303544,"remaining":0}
[2026-08-17 00:44:52] Event: 54 | Ticket: 6a813010bd22c | Status: SUCCESS | Message: Ticket scanned successfully. | Extra: {"child_id":34231925,"remaining":0}
[2026-08-17 00:44:57] Event: 54 | Ticket: 6a813010bd7c3 | Status: SUCCESS | Message: Ticket scanned successfully. | Extra: {"child_id":34231926,"remaining":0}
[2026-08-17 00:45:07] Event: 54 | Ticket: 6a74fa243dc30 | Status: SUCCESS | Message: Ticket scanned successfully. | Extra: {"child_id":303408,"remaining":0}
[2026-08-17 00:45:10] Event: 54 | Ticket: 6a74fa243e348 | Status: SUCCESS | Message: Ticket scanned successfully. | Extra: {"child_id":303409,"remaining":0}
[2026-08-17 00:45:47] Event: 54 | Ticket: 6a70f34a66257 | Status: SUCCESS | Message: Ticket scanned successfully. | Extra: {"child_id":303358,"remaining":null}
[2026-08-17 00:46:01] Event: 54 | Ticket: 6a6ccd1ef3d0a | Status: FAILED | Message: Check-in limit exceeded! | Extra: {"child_id":303246}
[2026-08-17 00:46:04] Event: 54 | Ticket: 6a6b747bceb90 | Status: SUCCESS | Message: Ticket scanned successfully. | Extra: {"child_id":303198,"remaining":null}
[2026-08-17 00:46:13] Event: 54 | Ticket: 6a6ccd1ef3d0a | Status: FAILED | Message: Check-in limit exceeded! | Extra: {"child_id":303246}
[2026-08-17 00:46:51] Event: 54 | Ticket: 6a76090f107bc | Status: SUCCESS | Message: Ticket scanned successfully. | Extra: {"child_id":303426,"remaining":0}
[2026-08-17 00:46:55] Event: 54 | Ticket: 6a76090f109b3 | Status: SUCCESS | Message: Ticket scanned successfully. | Extra: {"child_id":303427,"remaining":0}
[2026-08-17 00:46:59] Event: 54 | Ticket: 6a76090f10afc | Status: SUCCESS | Message: Ticket scanned successfully. | Extra: {"child_id":303428,"remaining":0}
[2026-08-17 00:47:15] Event: 54 | Ticket: 6a6989646dad7 | Status: SUCCESS | Message: Ticket scanned successfully. | Extra: {"child_id":303165,"remaining":null}
[2026-08-17 00:47:19] Event: 54 | Ticket: 6a7600e3192c3 | Status: SUCCESS | Message: Ticket scanned successfully. | Extra: {"child_id":303420,"remaining":0}
[2026-08-17 00:47:21] Event: 54 | Ticket: 6a6989646dad7 | Status: SUCCESS | Message: Ticket scanned successfully. | Extra: {"child_id":303165,"remaining":null}
[2026-08-17 00:47:22] Event: 54 | Ticket: 6a7600e319ac9 | Status: SUCCESS | Message: Ticket scanned successfully. | Extra: {"child_id":303421,"remaining":0}
[2026-08-17 00:47:26] Event: 54 | Ticket: 6a7600e319bec | Status: SUCCESS | Message: Ticket scanned successfully. | Extra: {"child_id":303422,"remaining":0}
[2026-08-17 00:47:34] Event: 54 | Ticket: 6a6d155a4ad71 | Status: SUCCESS | Message: Ticket scanned successfully. | Extra: {"child_id":303278,"remaining":0}
[2026-08-17 00:47:38] Event: 54 | Ticket: 6a6d155a4afe7 | Status: SUCCESS | Message: Ticket scanned successfully. | Extra: {"child_id":303279,"remaining":0}
[2026-08-17 00:47:44] Event: 54 | Ticket: 6a6ccd1ef3d0a | Status: FAILED | Message: Check-in limit exceeded! | Extra: {"child_id":303246}
[2026-08-17 00:48:31] Event: 54 | Ticket: 6a5eb88a23e3f | Status: SUCCESS | Message: Ticket scanned successfully. | Extra: {"child_id":302800,"remaining":null}
[2026-08-17 00:48:39] Event: 54 | Ticket: 6a5eb88a24843 | Status: SUCCESS | Message: Ticket scanned successfully. | Extra: {"child_id":302801,"remaining":null}
[2026-08-17 00:48:46] Event: 54 | Ticket: 6a6ccd1ef3d0a | Status: FAILED | Message: Check-in limit exceeded! | Extra: {"child_id":303246}
[2026-08-17 00:48:57] Event: 54 | Ticket: 6a5c344188b7a | Status: SUCCESS | Message: Ticket scanned successfully. | Extra: {"child_id":302773,"remaining":null}
[2026-08-17 00:49:06] Event: 54 | Ticket: 6a5c3441883ed | Status: SUCCESS | Message: Ticket scanned successfully. | Extra: {"child_id":302772,"remaining":null}
[2026-08-17 00:49:20] Event: 54 | Ticket: 6a5c344188ee2 | Status: SUCCESS | Message: Ticket scanned successfully. | Extra: {"child_id":302775,"remaining":null}
[2026-08-17 00:49:33] Event: 54 | Ticket: 6a5c344189071 | Status: SUCCESS | Message: Ticket scanned successfully. | Extra: {"child_id":302776,"remaining":null}
[2026-08-17 00:49:40] Event: 54 | Ticket: 6a5d236ac4916 | Status: SUCCESS | Message: Ticket scanned successfully. | Extra: {"child_id":302782,"remaining":null}
[2026-08-17 00:49:49] Event: 54 | Ticket: 6a5d236ac52f3 | Status: SUCCESS | Message: Ticket scanned successfully. | Extra: {"child_id":302783,"remaining":null}
[2026-08-17 00:49:53] Event: 54 | Ticket: 6a6ccd1ef3d0a | Status: FAILED | Message: Check-in limit exceeded! | Extra: {"child_id":303246}
[2026-08-17 00:49:58] Event: 54 | Ticket: 6a6ccd1ef3d0a | Status: FAILED | Message: Check-in limit exceeded! | Extra: {"child_id":303246}
[2026-08-17 00:50:04] Event: 54 | Ticket: 6a6fcc7aa46d6 | Status: SUCCESS | Message: Ticket scanned successfully. | Extra: {"child_id":303341,"remaining":null}
[2026-08-17 00:50:15] Event: 54 | Ticket: 6a6fcc7aa4e95 | Status: SUCCESS | Message: Ticket scanned successfully. | Extra: {"child_id":303342,"remaining":null}
[2026-08-17 00:50:25] Event: 54 | Ticket: 6a6fcc7aa4ff4 | Status: SUCCESS | Message: Ticket scanned successfully. | Extra: {"child_id":303343,"remaining":null}
[2026-08-17 00:50:28] Event: 54 | Ticket: 6a6ccd1ef358e | Status: SUCCESS | Message: Ticket scanned successfully. | Extra: {"child_id":303242,"remaining":0}
[2026-08-17 00:51:22] Event: 54 | Ticket: 6a7a6c4500c40 | Status: SUCCESS | Message: Ticket scanned successfully. | Extra: {"child_id":303537,"remaining":0}
[2026-08-17 00:51:27] Event: 54 | Ticket: 6a7a6c450157a | Status: SUCCESS | Message: Ticket scanned successfully. | Extra: {"child_id":303538,"remaining":0}
[2026-08-17 00:51:32] Event: 54 | Ticket: 6a7a6c45017a7 | Status: SUCCESS | Message: Ticket scanned successfully. | Extra: {"child_id":303539,"remaining":0}
[2026-08-17 00:51:37] Event: 54 | Ticket: 6a7a6c450192c | Status: SUCCESS | Message: Ticket scanned successfully. | Extra: {"child_id":303540,"remaining":0}
[2026-08-17 00:51:41] Event: 54 | Ticket: 6a822bd8d291b | Status: SUCCESS | Message: Ticket scanned successfully. | Extra: {"child_id":34231957,"remaining":0}
[2026-08-17 00:52:10] Event: 54 | Ticket: 6a822bd8d2d9b | Status: SUCCESS | Message: Ticket scanned successfully. | Extra: {"child_id":34231958,"remaining":0}
[2026-08-17 00:52:14] Event: 54 | Ticket: 6a824e8271199 | Status: SUCCESS | Message: Ticket scanned successfully. | Extra: {"child_id":34231967,"remaining":0}
[2026-08-17 00:52:21] Event: 54 | Ticket: 6a5c344188d2e | Status: SUCCESS | Message: Ticket scanned successfully. | Extra: {"child_id":302774,"remaining":null}
[2026-08-17 00:52:23] Event: 54 | Ticket: 6a822bd8d301e | Status: SUCCESS | Message: Ticket scanned successfully. | Extra: {"child_id":34231959,"remaining":0}
[2026-08-17 00:52:48] Event: 54 | Ticket: 6a7aa5ae578e2 | Status: FAILED | Message: Check-in limit exceeded! | Extra: {"child_id":303543}
[2026-08-17 00:52:50] Event: 54 | Ticket: 6a6430792f96a | Status: SUCCESS | Message: Ticket scanned successfully. | Extra: {"child_id":303135,"remaining":null}
[2026-08-17 00:52:53] Event: 54 | Ticket: 6a7aa5ae578e2 | Status: FAILED | Message: Check-in limit exceeded! | Extra: {"child_id":303543}
[2026-08-17 00:53:01] Event: 54 | Ticket: 6a7aa5ae578e2 | Status: FAILED | Message: Check-in limit exceeded! | Extra: {"child_id":303543}
[2026-08-17 00:53:01] Event: 54 | Ticket: 6a6430792ff64 | Status: SUCCESS | Message: Ticket scanned successfully. | Extra: {"child_id":303136,"remaining":null}
[2026-08-17 00:53:18] Event: 54 | Ticket: 6a7aa5ae58ded | Status: FAILED | Message: Check-in limit exceeded! | Extra: {"child_id":303551}
[2026-08-17 00:53:40] Event: 54 | Ticket: 6a7aa5ae578e2 | Status: FAILED | Message: Check-in limit exceeded! | Extra: {"child_id":303543}
[2026-08-17 00:54:03] Event: 54 | Ticket: 6a7aa5ae578e2 | Status: FAILED | Message: Check-in limit exceeded! | Extra: {"child_id":303543}
[2026-08-17 00:54:18] Event: 54 | Ticket: 6a7aa5ae58ded | Status: FAILED | Message: Check-in limit exceeded! | Extra: {"child_id":303551}
[2026-08-17 00:54:48] Event: 54 | Ticket: 6a7aa5ae58ded | Status: FAILED | Message: Check-in limit exceeded! | Extra: {"child_id":303551}
[2026-08-17 00:54:52] Event: 54 | Ticket: 6a7424880436e | Status: SUCCESS | Message: Ticket scanned successfully. | Extra: {"child_id":303400,"remaining":0}
[2026-08-17 00:54:53] Event: 54 | Ticket: 6a7aa5ae58ded | Status: FAILED | Message: Check-in limit exceeded! | Extra: {"child_id":303551}
[2026-08-17 00:55:04] Event: 54 | Ticket: 6a74248804c73 | Status: SUCCESS | Message: Ticket scanned successfully. | Extra: {"child_id":303401,"remaining":0}
[2026-08-17 00:55:18] Event: 54 | Ticket: 6a62e435c24b2 | Status: SUCCESS | Message: Ticket scanned successfully. | Extra: {"child_id":303093,"remaining":null}
[2026-08-17 00:55:18] Event: 54 | Ticket: 6a6ccd1ef3d0a | Status: FAILED | Message: Check-in limit exceeded! | Extra: {"child_id":303246}
[2026-08-17 00:55:22] Event: 54 | Ticket: 6a62e435c2bdf | Status: SUCCESS | Message: Ticket scanned successfully. | Extra: {"child_id":303094,"remaining":null}
[2026-08-17 00:55:23] Event: 54 | Ticket: 6a62e435c24b2 | Status: SUCCESS | Message: Ticket scanned successfully. | Extra: {"child_id":303093,"remaining":null}
[2026-08-17 00:56:24] Event: 54 | Ticket: 6a80cd1dc01d2 | Status: SUCCESS | Message: Ticket scanned successfully. | Extra: {"child_id":34231894,"remaining":0}
[2026-08-17 00:56:33] Event: 54 | Ticket: 6a80cd1dc056c | Status: SUCCESS | Message: Ticket scanned successfully. | Extra: {"child_id":34231895,"remaining":0}
[2026-08-17 00:56:54] Event: 54 | Ticket: 6a7c1eafe27be | Status: SUCCESS | Message: Ticket scanned successfully. | Extra: {"child_id":303587,"remaining":0}
[2026-08-17 00:57:02] Event: 54 | Ticket: 6a27011b3a6a7 | Status: FAILED | Message: Event ID mismatch. | Extra: {"child_id":2586,"order_event_id":46}
[2026-08-17 00:57:07] Event: 54 | Ticket: 6a27011b3a6a7 | Status: FAILED | Message: Event ID mismatch. | Extra: {"child_id":2586,"order_event_id":46}
[2026-08-17 00:57:20] Event: 54 | Ticket: 6a7c1eafe27be | Status: FAILED | Message: Check-in limit exceeded! | Extra: {"child_id":303587}
[2026-08-17 00:57:33] Event: 54 | Ticket: 6a27011b3a6a7 | Status: FAILED | Message: Event ID mismatch. | Extra: {"child_id":2586,"order_event_id":46}
[2026-08-17 00:58:01] Event: 54 | Ticket: 6a70c47fbf531 | Status: SUCCESS | Message: Ticket scanned successfully. | Extra: {"child_id":303351,"remaining":null}
[2026-08-17 00:58:07] Event: 54 | Ticket: 6a70c47fbfcaa | Status: SUCCESS | Message: Ticket scanned successfully. | Extra: {"child_id":303352,"remaining":null}
[2026-08-17 00:58:11] Event: 54 | Ticket: 6a70c47fbfd8d | Status: SUCCESS | Message: Ticket scanned successfully. | Extra: {"child_id":303353,"remaining":null}
[2026-08-17 00:58:16] Event: 54 | Ticket: 6a70c47fbfead | Status: SUCCESS | Message: Ticket scanned successfully. | Extra: {"child_id":303354,"remaining":null}
[2026-08-17 00:58:21] Event: 54 | Ticket: 6a70c47fbffce | Status: SUCCESS | Message: Ticket scanned successfully. | Extra: {"child_id":303355,"remaining":null}
[2026-08-17 00:58:25] Event: 54 | Ticket: 6a70c47fc00a1 | Status: SUCCESS | Message: Ticket scanned successfully. | Extra: {"child_id":303356,"remaining":null}
[2026-08-17 00:58:29] Event: 54 | Ticket: 6a70c47fc0173 | Status: SUCCESS | Message: Ticket scanned successfully. | Extra: {"child_id":303357,"remaining":null}
[2026-08-17 00:58:37] Event: 54 | Ticket: 6a6188c2b5d1d | Status: SUCCESS | Message: Ticket scanned successfully. | Extra: {"child_id":303071,"remaining":null}
[2026-08-17 00:58:39] Event: 54 | Ticket: 6a6188c2b64c9 | Status: SUCCESS | Message: Ticket scanned successfully. | Extra: {"child_id":303072,"remaining":null}
[2026-08-17 00:58:53] Event: 54 | Ticket: 6a63094ef2cc8 | Status: SUCCESS | Message: Ticket scanned successfully. | Extra: {"child_id":303098,"remaining":null}
[2026-08-17 00:58:54] Event: 54 | Ticket: 6a7babb534f5f | Status: SUCCESS | Message: Ticket scanned successfully. | Extra: {"child_id":303575,"remaining":0}
[2026-08-17 00:58:54] Event: 54 | Ticket: 6a554605546d5 | Status: SUCCESS | Message: Ticket scanned successfully. | Extra: {"child_id":302563,"remaining":null}
[2026-08-17 00:58:57] Event: 54 | Ticket: 6a7babb5357ae | Status: SUCCESS | Message: Ticket scanned successfully. | Extra: {"child_id":303576,"remaining":0}
[2026-08-17 00:59:00] Event: 54 | Ticket: 6a55460554a5d | Status: SUCCESS | Message: Ticket scanned successfully. | Extra: {"child_id":302564,"remaining":null}
[2026-08-17 00:59:06] Event: 54 | Ticket: 6a74883c2a55e | Status: SUCCESS | Message: Ticket scanned successfully. | Extra: {"child_id":303403,"remaining":0}
[2026-08-17 00:59:15] Event: 54 | Ticket: 6a74883c2a7e3 | Status: SUCCESS | Message: Ticket scanned successfully. | Extra: {"child_id":303404,"remaining":0}
[2026-08-17 00:59:25] Event: 54 | Ticket: 6a56fb3d2196a | Status: SUCCESS | Message: Ticket scanned successfully. | Extra: {"child_id":302602,"remaining":null}
[2026-08-17 00:59:29] Event: 54 | Ticket: 6a56fb3d21515 | Status: SUCCESS | Message: Ticket scanned successfully. | Extra: {"child_id":302601,"remaining":null}
[2026-08-17 01:00:20] Event: 54 | Ticket: 6a80dd8773566 | Status: SUCCESS | Message: Ticket scanned successfully. | Extra: {"child_id":34231915,"remaining":0}
[2026-08-17 01:00:25] Event: 54 | Ticket: 6a80dd8773ab8 | Status: SUCCESS | Message: Ticket scanned successfully. | Extra: {"child_id":34231916,"remaining":0}
[2026-08-17 01:00:35] Event: 54 | Ticket: 6a78fae40d6eb | Status: SUCCESS | Message: Ticket scanned successfully. | Extra: {"child_id":303500,"remaining":0}
[2026-08-17 01:00:40] Event: 54 | Ticket: 6a78fae40e262 | Status: SUCCESS | Message: Ticket scanned successfully. | Extra: {"child_id":303501,"remaining":0}
[2026-08-17 01:00:48] Event: 54 | Ticket: 6a77d6239ac0c | Status: SUCCESS | Message: Ticket scanned successfully. | Extra: {"child_id":303484,"remaining":0}
[2026-08-17 01:00:56] Event: 54 | Ticket: 6a77d6239a8a7 | Status: SUCCESS | Message: Ticket scanned successfully. | Extra: {"child_id":303483,"remaining":0}
[2026-08-17 01:01:00] Event: 54 | Ticket: 6a7fa67862e42 | Status: SUCCESS | Message: Ticket scanned successfully. | Extra: {"child_id":34231855,"remaining":0}
[2026-08-17 01:01:05] Event: 54 | Ticket: 6a7fa678639a6 | Status: SUCCESS | Message: Ticket scanned successfully. | Extra: {"child_id":34231856,"remaining":0}
[2026-08-17 01:01:10] Event: 54 | Ticket: 6a78b6eb70f3d | Status: SUCCESS | Message: Ticket scanned successfully. | Extra: {"child_id":303493,"remaining":0}
[2026-08-17 01:01:16] Event: 54 | Ticket: 6a776d2412457 | Status: SUCCESS | Message: Ticket scanned successfully. | Extra: {"child_id":303446,"remaining":0}
[2026-08-17 01:01:19] Event: 54 | Ticket: 6a776d24127ad | Status: SUCCESS | Message: Ticket scanned successfully. | Extra: {"child_id":303447,"remaining":0}
[2026-08-17 01:01:24] Event: 54 | Ticket: 6a776d241295c | Status: SUCCESS | Message: Ticket scanned successfully. | Extra: {"child_id":303448,"remaining":0}
[2026-08-17 01:01:26] Event: 54 | Ticket: 6a776d2412aea | Status: SUCCESS | Message: Ticket scanned successfully. | Extra: {"child_id":303449,"remaining":0}
[2026-08-17 01:01:31] Event: 54 | Ticket: 6a6ccd1ef3d0a | Status: FAILED | Message: Check-in limit exceeded! | Extra: {"child_id":303246}
[2026-08-17 01:01:37] Event: 54 | Ticket: 6a6ccd1ef3d0a | Status: FAILED | Message: Check-in limit exceeded! | Extra: {"child_id":303246}
[2026-08-17 01:01:44] Event: 54 | Ticket: 6a6ccd1ef3d0a | Status: FAILED | Message: Check-in limit exceeded! | Extra: {"child_id":303246}
[2026-08-17 01:01:49] Event: 54 | Ticket: 6a6ccd1ef3d0a | Status: FAILED | Message: Check-in limit exceeded! | Extra: {"child_id":303246}
[2026-08-17 01:01:54] Event: 54 | Ticket: 6a6ccd1ef3d0a | Status: FAILED | Message: Check-in limit exceeded! | Extra: {"child_id":303246}
[2026-08-17 01:01:57] Event: 54 | Ticket: 6a76083d237e0 | Status: SUCCESS | Message: Ticket scanned successfully. | Extra: {"child_id":303424,"remaining":0}
[2026-08-17 01:01:59] Event: 54 | Ticket: 6a6ccd1ef3d0a | Status: FAILED | Message: Check-in limit exceeded! | Extra: {"child_id":303246}
[2026-08-17 01:02:00] Event: 54 | Ticket: 6a76083d240c9 | Status: SUCCESS | Message: Ticket scanned successfully. | Extra: {"child_id":303425,"remaining":0}
[2026-08-17 01:02:31] Event: 54 | Ticket: 6a7aa2b3b913d | Status: SUCCESS | Message: Ticket scanned successfully. | Extra: {"child_id":303542,"remaining":0}
[2026-08-17 01:02:40] Event: 54 | Ticket: 6a7aa2b3b89f7 | Status: SUCCESS | Message: Ticket scanned successfully. | Extra: {"child_id":303541,"remaining":0}
[2026-08-17 01:02:55] Event: 54 | Ticket: 6a6ccd1ef3d0a | Status: FAILED | Message: Check-in limit exceeded! | Extra: {"child_id":303246}
[2026-08-17 01:03:01] Event: 54 | Ticket: 6a6ccd1ef3d0a | Status: FAILED | Message: Check-in limit exceeded! | Extra: {"child_id":303246}
[2026-08-17 01:03:08] Event: 54 | Ticket: 6a6eae2cca7c2 | Status: SUCCESS | Message: Ticket scanned successfully. | Extra: {"child_id":303318,"remaining":null}
[2026-08-17 01:03:09] Event: 54 | Ticket: 6a6ccd1ef3d0a | Status: FAILED | Message: Check-in limit exceeded! | Extra: {"child_id":303246}
[2026-08-17 01:03:16] Event: 54 | Ticket: 6a6eae2ccae8e | Status: SUCCESS | Message: Ticket scanned successfully. | Extra: {"child_id":303319,"remaining":null}
[2026-08-17 01:03:44] Event: 54 | Ticket: 6a6e4b398d1db | Status: SUCCESS | Message: Ticket scanned successfully. | Extra: {"child_id":303312,"remaining":null}
[2026-08-17 01:03:52] Event: 54 | Ticket: 6a6ccd1ef3d0a | Status: FAILED | Message: Check-in limit exceeded! | Extra: {"child_id":303246}
[2026-08-17 01:03:57] Event: 54 | Ticket: 6a6ccd1ef3d0a | Status: FAILED | Message: Check-in limit exceeded! | Extra: {"child_id":303246}
[2026-08-17 01:04:03] Event: 54 | Ticket: 6a6e4b398d54c | Status: SUCCESS | Message: Ticket scanned successfully. | Extra: {"child_id":303313,"remaining":null}
[2026-08-17 01:04:07] Event: 54 | Ticket: 6a6ccd1ef3d0a | Status: FAILED | Message: Check-in limit exceeded! | Extra: {"child_id":303246}
[2026-08-17 01:04:16] Event: 54 | Ticket: 6a6e2d432a0fd | Status: SUCCESS | Message: Ticket scanned successfully. | Extra: {"child_id":303303,"remaining":0}
[2026-08-17 01:04:20] Event: 54 | Ticket: 6a6e2d4329d5d | Status: SUCCESS | Message: Ticket scanned successfully. | Extra: {"child_id":303302,"remaining":0}
[2026-08-17 01:04:27] Event: 54 | Ticket: 6a6e4b398d66b | Status: SUCCESS | Message: Ticket scanned successfully. | Extra: {"child_id":303314,"remaining":null}
[2026-08-17 01:04:30] Event: 54 | Ticket: 6a6ccd1ef3d0a | Status: FAILED | Message: Check-in limit exceeded! | Extra: {"child_id":303246}
[2026-08-17 01:04:38] Event: 54 | Ticket: 6a6e4b398d77f | Status: SUCCESS | Message: Ticket scanned successfully. | Extra: {"child_id":303315,"remaining":null}
[2026-08-17 01:04:42] Event: 54 | Ticket: 6a6ccd1ef3d0a | Status: FAILED | Message: Check-in limit exceeded! | Extra: {"child_id":303246}
[2026-08-17 01:04:55] Event: 54 | Ticket: 6a6ccd1ef3d0a | Status: FAILED | Message: Check-in limit exceeded! | Extra: {"child_id":303246}
[2026-08-17 01:05:02] Event: 54 | Ticket: 6a6ccd1ef3d0a | Status: FAILED | Message: Check-in limit exceeded! | Extra: {"child_id":303246}
[2026-08-17 01:05:11] Event: 54 | Ticket: 6a6bb1f40f03a | Status: SUCCESS | Message: Ticket scanned successfully. | Extra: {"child_id":303200,"remaining":null}
[2026-08-17 01:05:13] Event: 54 | Ticket: 6a6bb1f40f7a1 | Status: SUCCESS | Message: Ticket scanned successfully. | Extra: {"child_id":303201,"remaining":null}
[2026-08-17 01:05:16] Event: 54 | Ticket: 6a6bb1f40f03a | Status: SUCCESS | Message: Ticket scanned successfully. | Extra: {"child_id":303200,"remaining":null}
[2026-08-17 01:05:32] Event: 54 | Ticket: 6a6bb1f40f03a | Status: SUCCESS | Message: Ticket scanned successfully. | Extra: {"child_id":303200,"remaining":null}
[2026-08-17 01:05:33] Event: 54 | Ticket: 6a6ccd1ef3d0a | Status: FAILED | Message: Check-in limit exceeded! | Extra: {"child_id":303246}
[2026-08-17 01:05:33] Event: 54 | Ticket: 6a6bb1f40f7a1 | Status: SUCCESS | Message: Ticket scanned successfully. | Extra: {"child_id":303201,"remaining":null}
[2026-08-17 01:05:36] Event: 54 | Ticket: 6a6bb1f40f03a | Status: SUCCESS | Message: Ticket scanned successfully. | Extra: {"child_id":303200,"remaining":null}
[2026-08-17 01:05:38] Event: 54 | Ticket: 6a6bb1f40f7a1 | Status: SUCCESS | Message: Ticket scanned successfully. | Extra: {"child_id":303201,"remaining":null}
[2026-08-17 01:05:38] Event: 54 | Ticket: 6a553cad98465 | Status: SUCCESS | Message: Ticket scanned successfully. | Extra: {"child_id":302537,"remaining":null}
[2026-08-17 01:06:02] Event: 54 | Ticket: 6a728f31e013a | Status: SUCCESS | Message: Ticket scanned successfully. | Extra: {"child_id":303371,"remaining":0}
[2026-08-17 01:06:05] Event: 54 | Ticket: 6a6bb1f40f7a1 | Status: SUCCESS | Message: Ticket scanned successfully. | Extra: {"child_id":303201,"remaining":null}
[2026-08-17 01:06:06] Event: 54 | Ticket: 6a728f31e0787 | Status: SUCCESS | Message: Ticket scanned successfully. | Extra: {"child_id":303372,"remaining":0}
[2026-08-17 01:06:14] Event: 54 | Ticket: 6a6ccd1ef3d0a | Status: FAILED | Message: Check-in limit exceeded! | Extra: {"child_id":303246}
[2026-08-17 01:06:16] Event: 54 | Ticket: 6a8220e11a377 | Status: SUCCESS | Message: Ticket scanned successfully. | Extra: {"child_id":34231955,"remaining":0}
[2026-08-17 01:06:18] Event: 54 | Ticket: 6a6ccd1ef3d0a | Status: FAILED | Message: Check-in limit exceeded! | Extra: {"child_id":303246}
[2026-08-17 01:06:20] Event: 54 | Ticket: 6a6bb1f40f7a1 | Status: SUCCESS | Message: Ticket scanned successfully. | Extra: {"child_id":303201,"remaining":null}
[2026-08-17 01:06:24] Event: 54 | Ticket: 6a6ccd1ef3d0a | Status: FAILED | Message: Check-in limit exceeded! | Extra: {"child_id":303246}
[2026-08-17 01:06:29] Event: 54 | Ticket: 6a6ccd1ef3d0a | Status: FAILED | Message: Check-in limit exceeded! | Extra: {"child_id":303246}
[2026-08-17 01:06:42] Event: 54 | Ticket: 6a754f02e2241 | Status: SUCCESS | Message: Ticket scanned successfully. | Extra: {"child_id":303415,"remaining":0}
[2026-08-17 01:06:51] Event: 54 | Ticket: 6a754f02e2c7e | Status: SUCCESS | Message: Ticket scanned successfully. | Extra: {"child_id":303416,"remaining":0}
[2026-08-17 01:06:55] Event: 54 | Ticket: 6a754f02e2ec8 | Status: SUCCESS | Message: Ticket scanned successfully. | Extra: {"child_id":303417,"remaining":0}
[2026-08-17 01:06:59] Event: 54 | Ticket: 6a56e372b53e3 | Status: SUCCESS | Message: Ticket scanned successfully. | Extra: {"child_id":302594,"remaining":null}
[2026-08-17 01:07:01] Event: 54 | Ticket: 6a76ae997f4a8 | Status: SUCCESS | Message: Ticket scanned successfully. | Extra: {"child_id":303439,"remaining":0}
[2026-08-17 01:07:04] Event: 54 | Ticket: 6a6bb1f40f03a | Status: SUCCESS | Message: Ticket scanned successfully. | Extra: {"child_id":303200,"remaining":null}
[2026-08-17 01:07:06] Event: 54 | Ticket: 6a6bb1f40f7a1 | Status: SUCCESS | Message: Ticket scanned successfully. | Extra: {"child_id":303201,"remaining":null}
[2026-08-17 01:07:07] Event: 54 | Ticket: 6a6bb1f40f03a | Status: SUCCESS | Message: Ticket scanned successfully. | Extra: {"child_id":303200,"remaining":null}
[2026-08-17 01:07:09] Event: 54 | Ticket: 6a6bb1f40f7a1 | Status: SUCCESS | Message: Ticket scanned successfully. | Extra: {"child_id":303201,"remaining":null}
[2026-08-17 01:07:10] Event: 54 | Ticket: 6a56e372b4c75 | Status: SUCCESS | Message: Ticket scanned successfully. | Extra: {"child_id":302593,"remaining":null}
[2026-08-17 01:07:11] Event: 54 | Ticket: 6a6bb1f40f03a | Status: SUCCESS | Message: Ticket scanned successfully. | Extra: {"child_id":303200,"remaining":null}
[2026-08-17 01:07:14] Event: 54 | Ticket: 6a76ae997ff6c | Status: SUCCESS | Message: Ticket scanned successfully. | Extra: {"child_id":303440,"remaining":0}
[2026-08-17 01:07:20] Event: 54 | Ticket: 6a76ae997ff6c | Status: FAILED | Message: Check-in limit exceeded! | Extra: {"child_id":303440}
[2026-08-17 01:07:42] Event: 54 | Ticket: 6a76ae997ff6c | Status: FAILED | Message: Check-in limit exceeded! | Extra: {"child_id":303440}
[2026-08-17 01:07:57] Event: 54 | Ticket: 6a76ae997ff6c | Status: FAILED | Message: Check-in limit exceeded! | Extra: {"child_id":303440}
[2026-08-17 01:08:02] Event: 54 | Ticket: 6a76ae997ff6c | Status: FAILED | Message: Check-in limit exceeded! | Extra: {"child_id":303440}
[2026-08-17 01:08:28] Event: 54 | Ticket: 6a7ce12e657fe | Status: SUCCESS | Message: Ticket scanned successfully. | Extra: {"child_id":303599,"remaining":0}
[2026-08-17 01:08:37] Event: 54 | Ticket: 6a7ce12e660b7 | Status: SUCCESS | Message: Ticket scanned successfully. | Extra: {"child_id":303600,"remaining":0}
[2026-08-17 01:08:46] Event: 54 | Ticket: 6a7ce12e662e1 | Status: SUCCESS | Message: Ticket scanned successfully. | Extra: {"child_id":303601,"remaining":0}
[2026-08-17 01:09:09] Event: 54 | Ticket: 6a6bb1f40f7a1 | Status: SUCCESS | Message: Ticket scanned successfully. | Extra: {"child_id":303201,"remaining":null}
[2026-08-17 01:09:17] Event: 54 | Ticket: 6a6bb1f40f7a1 | Status: SUCCESS | Message: Ticket scanned successfully. | Extra: {"child_id":303201,"remaining":null}
[2026-08-17 01:09:23] Event: 54 | Ticket: 6a6bb1f40f7a1 | Status: SUCCESS | Message: Ticket scanned successfully. | Extra: {"child_id":303201,"remaining":null}
[2026-08-17 01:09:26] Event: 54 | Ticket: 6a6bb1f40f03a | Status: SUCCESS | Message: Ticket scanned successfully. | Extra: {"child_id":303200,"remaining":null}
[2026-08-17 01:09:28] Event: 54 | Ticket: 6a73792f00957 | Status: SUCCESS | Message: Ticket scanned successfully. | Extra: {"child_id":303384,"remaining":0}
[2026-08-17 01:09:44] Event: 54 | Ticket: 6a73792f01189 | Status: SUCCESS | Message: Ticket scanned successfully. | Extra: {"child_id":303385,"remaining":0}
[2026-08-17 01:09:46] Event: 54 | Ticket: 6a66d7635bcee | Status: SUCCESS | Message: Ticket scanned successfully. | Extra: {"child_id":303152,"remaining":null}
[2026-08-17 01:09:53] Event: 54 | Ticket: 6a73792f01189 | Status: FAILED | Message: Check-in limit exceeded! | Extra: {"child_id":303385}
[2026-08-17 01:09:53] Event: 54 | Ticket: 6a66d7635c525 | Status: SUCCESS | Message: Ticket scanned successfully. | Extra: {"child_id":303153,"remaining":null}
[2026-08-17 01:09:58] Event: 54 | Ticket: 6a6bb1f40f7a1 | Status: SUCCESS | Message: Ticket scanned successfully. | Extra: {"child_id":303201,"remaining":null}
[2026-08-17 01:10:00] Event: 54 | Ticket: 6a553cad9810c | Status: SUCCESS | Message: Ticket scanned successfully. | Extra: {"child_id":302534,"remaining":null}
[2026-08-17 01:10:00] Event: 54 | Ticket: 6a6bb1f40f03a | Status: SUCCESS | Message: Ticket scanned successfully. | Extra: {"child_id":303200,"remaining":null}
[2026-08-17 01:10:01] Event: 54 | Ticket: 6a6bb1f40f7a1 | Status: SUCCESS | Message: Ticket scanned successfully. | Extra: {"child_id":303201,"remaining":null}
[2026-08-17 01:10:02] Event: 54 | Ticket: 6a6bb1f40f03a | Status: SUCCESS | Message: Ticket scanned successfully. | Extra: {"child_id":303200,"remaining":null}
[2026-08-17 01:10:04] Event: 54 | Ticket: 6a73792f01189 | Status: FAILED | Message: Check-in limit exceeded! | Extra: {"child_id":303385}
[2026-08-17 01:10:05] Event: 54 | Ticket: 6a553cad9810c | Status: SUCCESS | Message: Ticket scanned successfully. | Extra: {"child_id":302534,"remaining":null}
[2026-08-17 01:10:07] Event: 54 | Ticket: 6a6bb1f40f03a | Status: SUCCESS | Message: Ticket scanned successfully. | Extra: {"child_id":303200,"remaining":null}
[2026-08-17 01:10:08] Event: 54 | Ticket: 6a72af16ecda5 | Status: SUCCESS | Message: Ticket scanned successfully. | Extra: {"child_id":303373,"remaining":0}
[2026-08-17 01:10:09] Event: 54 | Ticket: 6a553cad9826f | Status: SUCCESS | Message: Ticket scanned successfully. | Extra: {"child_id":302535,"remaining":null}
[2026-08-17 01:10:13] Event: 54 | Ticket: 6a553cad98390 | Status: SUCCESS | Message: Ticket scanned successfully. | Extra: {"child_id":302536,"remaining":null}
[2026-08-17 01:10:19] Event: 54 | Ticket: 6a553cad98465 | Status: SUCCESS | Message: Ticket scanned successfully. | Extra: {"child_id":302537,"remaining":null}
[2026-08-17 01:10:20] Event: 54 | Ticket: 6a6abd54a83d2 | Status: SUCCESS | Message: Ticket scanned successfully. | Extra: {"child_id":303176,"remaining":null}
[2026-08-17 01:10:23] Event: 54 | Ticket: 6a553cad9783c | Status: SUCCESS | Message: Ticket scanned successfully. | Extra: {"child_id":302532,"remaining":null}
[2026-08-17 01:10:26] Event: 54 | Ticket: 6a553cad97fda | Status: SUCCESS | Message: Ticket scanned successfully. | Extra: {"child_id":302533,"remaining":null}
[2026-08-17 01:10:27] Event: 54 | Ticket: 6a74bc66be984 | Status: SUCCESS | Message: Ticket scanned successfully. | Extra: {"child_id":303406,"remaining":0}
[2026-08-17 01:10:30] Event: 54 | Ticket: 6a6bb1f40f03a | Status: SUCCESS | Message: Ticket scanned successfully. | Extra: {"child_id":303200,"remaining":null}
[2026-08-17 01:10:30] Event: 54 | Ticket: 6a72af16ed4b6 | Status: SUCCESS | Message: Ticket scanned successfully. | Extra: {"child_id":303374,"remaining":0}
[2026-08-17 01:10:35] Event: 54 | Ticket: 6a72af16ed4b6 | Status: FAILED | Message: Check-in limit exceeded! | Extra: {"child_id":303374}
[2026-08-17 01:10:43] Event: 54 | Ticket: 6a6abd54a8b2e | Status: SUCCESS | Message: Ticket scanned successfully. | Extra: {"child_id":303177,"remaining":null}
[2026-08-17 01:10:47] Event: 54 | Ticket: 6a74bc66beeba | Status: SUCCESS | Message: Ticket scanned successfully. | Extra: {"child_id":303407,"remaining":0}
[2026-08-17 01:10:53] Event: 54 | Ticket: 6a7827f4961b4 | Status: SUCCESS | Message: Ticket scanned successfully. | Extra: {"child_id":303491,"remaining":0}
[2026-08-17 01:11:17] Event: 54 | Ticket: 6a776b55b1637 | Status: SUCCESS | Message: Ticket scanned successfully. | Extra: {"child_id":303445,"remaining":0}
[2026-08-17 01:11:29] Event: 54 | Ticket: 6a6f854ad2ae1 | Status: SUCCESS | Message: Ticket scanned successfully. | Extra: {"child_id":303330,"remaining":null}
[2026-08-17 01:11:32] Event: 54 | Ticket: 6a6f854ad2e34 | Status: SUCCESS | Message: Ticket scanned successfully. | Extra: {"child_id":303331,"remaining":null}
[2026-08-17 01:11:39] Event: 54 | Ticket: 6a6f82640b1de | Status: SUCCESS | Message: Ticket scanned successfully. | Extra: {"child_id":303321,"remaining":null}
[2026-08-17 01:11:41] Event: 54 | Ticket: 6a6f82640b4f6 | Status: SUCCESS | Message: Ticket scanned successfully. | Extra: {"child_id":303322,"remaining":null}
[2026-08-17 01:11:44] Event: 54 | Ticket: 6a6f82640b611 | Status: SUCCESS | Message: Ticket scanned successfully. | Extra: {"child_id":303323,"remaining":null}
[2026-08-17 01:11:46] Event: 54 | Ticket: 6a6f82640b706 | Status: SUCCESS | Message: Ticket scanned successfully. | Extra: {"child_id":303324,"remaining":null}
[2026-08-17 01:11:49] Event: 54 | Ticket: 6a6f82640b870 | Status: SUCCESS | Message: Ticket scanned successfully. | Extra: {"child_id":303325,"remaining":null}
[2026-08-17 01:11:51] Event: 54 | Ticket: 6a6f82640b962 | Status: SUCCESS | Message: Ticket scanned successfully. | Extra: {"child_id":303326,"remaining":null}
[2026-08-17 01:11:53] Event: 54 | Ticket: 6a6f82640ba2d | Status: SUCCESS | Message: Ticket scanned successfully. | Extra: {"child_id":303327,"remaining":null}
[2026-08-17 01:11:55] Event: 54 | Ticket: 6a6f82640baed | Status: SUCCESS | Message: Ticket scanned successfully. | Extra: {"child_id":303328,"remaining":null}
[2026-08-17 01:11:57] Event: 54 | Ticket: 6a6f82640bbab | Status: SUCCESS | Message: Ticket scanned successfully. | Extra: {"child_id":303329,"remaining":null}
[2026-08-17 01:12:03] Event: 54 | Ticket: 6a6f82640bbab | Status: SUCCESS | Message: Ticket scanned successfully. | Extra: {"child_id":303329,"remaining":null}
[2026-08-17 01:12:42] Event: 54 | Ticket: 6a5544a83b049 | Status: SUCCESS | Message: Ticket scanned successfully. | Extra: {"child_id":302538,"remaining":null}
[2026-08-17 01:12:48] Event: 54 | Ticket: 6a5544a83bdd3 | Status: SUCCESS | Message: Ticket scanned successfully. | Extra: {"child_id":302550,"remaining":null}
[2026-08-17 01:12:53] Event: 54 | Ticket: 6a5544a83b799 | Status: SUCCESS | Message: Ticket scanned successfully. | Extra: {"child_id":302543,"remaining":null}
[2026-08-17 01:12:58] Event: 54 | Ticket: 6a62e2c363219 | Status: SUCCESS | Message: Ticket scanned successfully. | Extra: {"child_id":303089,"remaining":null}
[2026-08-17 01:13:01] Event: 54 | Ticket: 6a62e2c363a56 | Status: SUCCESS | Message: Ticket scanned successfully. | Extra: {"child_id":303090,"remaining":null}
[2026-08-17 01:13:06] Event: 54 | Ticket: 6a62e2c363ba4 | Status: SUCCESS | Message: Ticket scanned successfully. | Extra: {"child_id":303091,"remaining":null}
[2026-08-17 01:13:07] Event: 54 | Ticket: 6a76c2ea2eed9 | Status: SUCCESS | Message: Ticket scanned successfully. | Extra: {"child_id":303443,"remaining":0}
[2026-08-17 01:13:14] Event: 54 | Ticket: 6a60d1e4b4fb4 | Status: SUCCESS | Message: Ticket scanned successfully. | Extra: {"child_id":303065,"remaining":null}
[2026-08-17 01:13:14] Event: 54 | Ticket: 6a76c2ea2ed47 | Status: SUCCESS | Message: Ticket scanned successfully. | Extra: {"child_id":303442,"remaining":0}
[2026-08-17 01:13:16] Event: 54 | Ticket: 6a6bb1f40f7a1 | Status: SUCCESS | Message: Ticket scanned successfully. | Extra: {"child_id":303201,"remaining":null}
[2026-08-17 01:13:17] Event: 54 | Ticket: 6a60d1e4b5678 | Status: SUCCESS | Message: Ticket scanned successfully. | Extra: {"child_id":303066,"remaining":null}
[2026-08-17 01:13:18] Event: 54 | Ticket: 6a6bb1f40f7a1 | Status: SUCCESS | Message: Ticket scanned successfully. | Extra: {"child_id":303201,"remaining":null}
[2026-08-17 01:13:19] Event: 54 | Ticket: 6a76c2ea2e4b6 | Status: SUCCESS | Message: Ticket scanned successfully. | Extra: {"child_id":303441,"remaining":0}
[2026-08-17 01:13:19] Event: 54 | Ticket: 6a60d1e4b5678 | Status: SUCCESS | Message: Ticket scanned successfully. | Extra: {"child_id":303066,"remaining":null}
[2026-08-17 01:13:21] Event: 54 | Ticket: 6a6bb1f40f7a1 | Status: SUCCESS | Message: Ticket scanned successfully. | Extra: {"child_id":303201,"remaining":null}
[2026-08-17 01:13:22] Event: 54 | Ticket: 6a60d1e4b5678 | Status: SUCCESS | Message: Ticket scanned successfully. | Extra: {"child_id":303066,"remaining":null}
[2026-08-17 01:13:23] Event: 54 | Ticket: 6a6bb1f40f7a1 | Status: SUCCESS | Message: Ticket scanned successfully. | Extra: {"child_id":303201,"remaining":null}
[2026-08-17 01:13:41] Event: 54 | Ticket: 6a6bb1f40f7a1 | Status: SUCCESS | Message: Ticket scanned successfully. | Extra: {"child_id":303201,"remaining":null}
[2026-08-17 01:13:44] Event: 54 | Ticket: 6a74049a4af1e | Status: SUCCESS | Message: Ticket scanned successfully. | Extra: {"child_id":303396,"remaining":0}
[2026-08-17 01:13:47] Event: 54 | Ticket: 6a6bb1f40f7a1 | Status: SUCCESS | Message: Ticket scanned successfully. | Extra: {"child_id":303201,"remaining":null}
[2026-08-17 01:13:51] Event: 54 | Ticket: 6a74049a4a5f6 | Status: SUCCESS | Message: Ticket scanned successfully. | Extra: {"child_id":303395,"remaining":0}
[2026-08-17 01:14:02] Event: 54 | Ticket: 6a6ccd1ef3de2 | Status: SUCCESS | Message: Ticket scanned successfully. | Extra: {"child_id":303247,"remaining":0}
[2026-08-17 01:14:08] Event: 54 | Ticket: 6a7aa5ae58c67 | Status: SUCCESS | Message: Ticket scanned successfully. | Extra: {"child_id":303550,"remaining":0}
[2026-08-17 01:14:13] Event: 54 | Ticket: 6a6ccd1ef3d0a | Status: FAILED | Message: Check-in limit exceeded! | Extra: {"child_id":303246}
[2026-08-17 01:14:14] Event: 54 | Ticket: 6a7aa5ae58b5d | Status: SUCCESS | Message: Ticket scanned successfully. | Extra: {"child_id":303549,"remaining":0}
[2026-08-17 01:14:16] Event: 54 | Ticket: 6a7aa5ae58a43 | Status: SUCCESS | Message: Ticket scanned successfully. | Extra: {"child_id":303548,"remaining":0}
[2026-08-17 01:14:39] Event: 54 | Ticket: 6a6bb1f40f7a1 | Status: SUCCESS | Message: Ticket scanned successfully. | Extra: {"child_id":303201,"remaining":null}
[2026-08-17 01:15:43] Event: 54 | Ticket: 6a5d7c641fc5c | Status: SUCCESS | Message: Ticket scanned successfully. | Extra: {"child_id":302787,"remaining":null}
[2026-08-17 01:15:53] Event: 54 | Ticket: 6a5d7c64204a3 | Status: SUCCESS | Message: Ticket scanned successfully. | Extra: {"child_id":302788,"remaining":null}
[2026-08-17 01:15:59] Event: 54 | Ticket: 6a5d7c6420692 | Status: SUCCESS | Message: Ticket scanned successfully. | Extra: {"child_id":302789,"remaining":null}
[2026-08-17 01:17:30] Event: 54 | Ticket: 6a80db3680c1f | Status: SUCCESS | Message: Ticket scanned successfully. | Extra: {"child_id":34231912,"remaining":0}
[2026-08-17 01:17:42] Event: 54 | Ticket: 6a56fb3d21dbd | Status: SUCCESS | Message: Ticket scanned successfully. | Extra: {"child_id":302606,"remaining":null}
[2026-08-17 01:17:47] Event: 54 | Ticket: 6a56fb3d21cf3 | Status: SUCCESS | Message: Ticket scanned successfully. | Extra: {"child_id":302605,"remaining":null}
[2026-08-17 01:18:01] Event: 54 | Ticket: 6a80db3682021 | Status: SUCCESS | Message: Ticket scanned successfully. | Extra: {"child_id":34231913,"remaining":0}
[2026-08-17 01:18:06] Event: 54 | Ticket: 6a80cd72d64f8 | Status: SUCCESS | Message: Ticket scanned successfully. | Extra: {"child_id":34231897,"remaining":0}
[2026-08-17 01:18:11] Event: 54 | Ticket: 6a80cd72d64f8 | Status: FAILED | Message: Check-in limit exceeded! | Extra: {"child_id":34231897}
[2026-08-17 01:18:14] Event: 54 | Ticket: 6a80db36822c5 | Status: SUCCESS | Message: Ticket scanned successfully. | Extra: {"child_id":34231914,"remaining":0}
[2026-08-17 01:18:16] Event: 54 | Ticket: 6a80cd72d64f8 | Status: FAILED | Message: Check-in limit exceeded! | Extra: {"child_id":34231897}
[2026-08-17 01:18:22] Event: 54 | Ticket: 6a80cd72d64f8 | Status: FAILED | Message: Check-in limit exceeded! | Extra: {"child_id":34231897}
[2026-08-17 01:18:29] Event: 54 | Ticket: 6a5d902ca0322 | Status: SUCCESS | Message: Ticket scanned successfully. | Extra: {"child_id":302793,"remaining":null}
[2026-08-17 01:19:29] Event: 54 | Ticket: 6a77ee0a7f944 | Status: SUCCESS | Message: Ticket scanned successfully. | Extra: {"child_id":303485,"remaining":0}
[2026-08-17 01:19:31] Event: 54 | Ticket: 6a6bb6c0bd517 | Status: SUCCESS | Message: Ticket scanned successfully. | Extra: {"child_id":303206,"remaining":null}
[2026-08-17 01:19:34] Event: 54 | Ticket: 6a6bb6c0bd6a8 | Status: SUCCESS | Message: Ticket scanned successfully. | Extra: {"child_id":303207,"remaining":null}
[2026-08-17 01:19:38] Event: 54 | Ticket: 6a6bb6c0bce34 | Status: SUCCESS | Message: Ticket scanned successfully. | Extra: {"child_id":303205,"remaining":null}
[2026-08-17 01:19:39] Event: 54 | Ticket: 6a6d12c112194 | Status: SUCCESS | Message: Ticket scanned successfully. | Extra: {"child_id":303277,"remaining":null}
[2026-08-17 01:19:43] Event: 54 | Ticket: 6a77ee0a80128 | Status: SUCCESS | Message: Ticket scanned successfully. | Extra: {"child_id":303486,"remaining":0}
[2026-08-17 01:19:49] Event: 54 | Ticket: 6a6bb2c825656 | Status: SUCCESS | Message: Ticket scanned successfully. | Extra: {"child_id":303203,"remaining":null}
[2026-08-17 01:19:59] Event: 54 | Ticket: 6a6bb2c825a5a | Status: SUCCESS | Message: Ticket scanned successfully. | Extra: {"child_id":303204,"remaining":null}
[2026-08-17 01:20:14] Event: 54 | Ticket: 6a81d815b43be | Status: SUCCESS | Message: Ticket scanned successfully. | Extra: {"child_id":34231930,"remaining":0}
[2026-08-17 01:20:15] Event: 54 | Ticket: 6a734817b2a03 | Status: SUCCESS | Message: Ticket scanned successfully. | Extra: {"child_id":303382,"remaining":0}
[2026-08-17 01:20:19] Event: 54 | Ticket: 6a81d815b4e7a | Status: SUCCESS | Message: Ticket scanned successfully. | Extra: {"child_id":34231931,"remaining":0}
[2026-08-17 01:20:19] Event: 54 | Ticket: 6a734817b3189 | Status: SUCCESS | Message: Ticket scanned successfully. | Extra: {"child_id":303383,"remaining":0}
[2026-08-17 01:20:21] Event: 54 | Ticket: 6a5c344189071 | Status: SUCCESS | Message: Ticket scanned successfully. | Extra: {"child_id":302776,"remaining":null}
[2026-08-17 01:20:24] Event: 54 | Ticket: 6a75007eb494a | Status: SUCCESS | Message: Ticket scanned successfully. | Extra: {"child_id":303410,"remaining":0}
[2026-08-17 01:20:29] Event: 54 | Ticket: 6a80e25c6d783 | Status: SUCCESS | Message: Ticket scanned successfully. | Extra: {"child_id":34231920,"remaining":0}
[2026-08-17 01:20:30] Event: 54 | Ticket: 6a80cdf9a9a3c | Status: SUCCESS | Message: Ticket scanned successfully. | Extra: {"child_id":34231898,"remaining":0}
[2026-08-17 01:20:33] Event: 54 | Ticket: 6a80cdf9aa0ca | Status: SUCCESS | Message: Ticket scanned successfully. | Extra: {"child_id":34231899,"remaining":0}
[2026-08-17 01:20:40] Event: 54 | Ticket: 6a5c344189388 | Status: SUCCESS | Message: Ticket scanned successfully. | Extra: {"child_id":302778,"remaining":null}
[2026-08-17 01:20:43] Event: 54 | Ticket: 6a80e25c6db19 | Status: SUCCESS | Message: Ticket scanned successfully. | Extra: {"child_id":34231921,"remaining":0}
[2026-08-17 01:20:51] Event: 54 | Ticket: 6a6ccf9d2a922 | Status: SUCCESS | Message: Ticket scanned successfully. | Extra: {"child_id":303252,"remaining":0}
[2026-08-17 01:20:56] Event: 54 | Ticket: 6a6e7029af40f | Status: SUCCESS | Message: Ticket scanned successfully. | Extra: {"child_id":303316,"remaining":0}
[2026-08-17 01:20:57] Event: 54 | Ticket: 6a7d44a85038f | Status: SUCCESS | Message: Ticket scanned successfully. | Extra: {"child_id":303632,"remaining":0}
[2026-08-17 01:20:59] Event: 54 | Ticket: 6a6ccf9d2abd7 | Status: SUCCESS | Message: Ticket scanned successfully. | Extra: {"child_id":303253,"remaining":0}
[2026-08-17 01:21:01] Event: 54 | Ticket: 6a75007eb494a | Status: FAILED | Message: Check-in limit exceeded! | Extra: {"child_id":303410}
[2026-08-17 01:21:03] Event: 54 | Ticket: 6a7d44a850d47 | Status: SUCCESS | Message: Ticket scanned successfully. | Extra: {"child_id":303633,"remaining":0}
[2026-08-17 01:21:05] Event: 54 | Ticket: 6a6e7029af750 | Status: SUCCESS | Message: Ticket scanned successfully. | Extra: {"child_id":303317,"remaining":0}
[2026-08-17 01:21:10] Event: 54 | Ticket: 6a7d44a851210 | Status: SUCCESS | Message: Ticket scanned successfully. | Extra: {"child_id":303634,"remaining":0}
[2026-08-17 01:21:14] Event: 54 | Ticket: 6a7c9dd48f78a | Status: SUCCESS | Message: Ticket scanned successfully. | Extra: {"child_id":303593,"remaining":0}
[2026-08-17 01:21:15] Event: 54 | Ticket: 6a7d44a8514cb | Status: SUCCESS | Message: Ticket scanned successfully. | Extra: {"child_id":303635,"remaining":0}
[2026-08-17 01:21:19] Event: 54 | Ticket: 6a7c9dd48fa9f | Status: SUCCESS | Message: Ticket scanned successfully. | Extra: {"child_id":303594,"remaining":0}
[2026-08-17 01:21:21] Event: 54 | Ticket: 6a7d5127301bf | Status: SUCCESS | Message: Ticket scanned successfully. | Extra: {"child_id":303636,"remaining":0}
[2026-08-17 01:21:21] Event: 54 | Ticket: 6a7d512730848 | Status: SUCCESS | Message: Ticket scanned successfully. | Extra: {"child_id":303637,"remaining":0}
[2026-08-17 01:21:29] Event: 54 | Ticket: 6a7d512730848 | Status: FAILED | Message: Check-in limit exceeded! | Extra: {"child_id":303637}
[2026-08-17 01:21:34] Event: 54 | Ticket: 6a7d512730a6f | Status: SUCCESS | Message: Ticket scanned successfully. | Extra: {"child_id":303638,"remaining":0}
[2026-08-17 01:21:35] Event: 54 | Ticket: 6a7d512730848 | Status: FAILED | Message: Check-in limit exceeded! | Extra: {"child_id":303637}
[2026-08-17 01:21:40] Event: 54 | Ticket: 6a7d5127301bf | Status: FAILED | Message: Check-in limit exceeded! | Extra: {"child_id":303636}
[2026-08-17 01:21:49] Event: 54 | Ticket: 6a5d4fc393f39 | Status: SUCCESS | Message: Ticket scanned successfully. | Extra: {"child_id":302786,"remaining":null}
[2026-08-17 01:21:49] Event: 54 | Ticket: 6a60400e84a3a | Status: SUCCESS | Message: Ticket scanned successfully. | Extra: {"child_id":302956,"remaining":null}
[2026-08-17 01:21:57] Event: 54 | Ticket: 6a5d4fc393ccf | Status: SUCCESS | Message: Ticket scanned successfully. | Extra: {"child_id":302785,"remaining":null}
[2026-08-17 01:22:01] Event: 54 | Ticket: 6a60400e841dc | Status: SUCCESS | Message: Ticket scanned successfully. | Extra: {"child_id":302955,"remaining":null}
[2026-08-17 01:22:01] Event: 54 | Ticket: 6a5d4fc393456 | Status: SUCCESS | Message: Ticket scanned successfully. | Extra: {"child_id":302784,"remaining":null}
[2026-08-17 01:22:09] Event: 54 | Ticket: 6a6cfbabb9686 | Status: SUCCESS | Message: Ticket scanned successfully. | Extra: {"child_id":303275,"remaining":null}
[2026-08-17 01:22:15] Event: 54 | Ticket: 6a6cfbabb958b | Status: SUCCESS | Message: Ticket scanned successfully. | Extra: {"child_id":303274,"remaining":null}
[2026-08-17 01:22:19] Event: 54 | Ticket: 6a6cfbabb93e9 | Status: SUCCESS | Message: Ticket scanned successfully. | Extra: {"child_id":303273,"remaining":null}
[2026-08-17 01:22:28] Event: 54 | Ticket: 6a6cfbabb8cd5 | Status: SUCCESS | Message: Ticket scanned successfully. | Extra: {"child_id":303272,"remaining":null}
[2026-08-17 01:22:31] Event: 54 | Ticket: 6a5544a83b943 | Status: SUCCESS | Message: Ticket scanned successfully. | Extra: {"child_id":302545,"remaining":null}
[2026-08-17 01:22:33] Event: 54 | Ticket: 6a77ee9d5ddd3 | Status: SUCCESS | Message: Ticket scanned successfully. | Extra: {"child_id":303487,"remaining":0}
[2026-08-17 01:22:35] Event: 54 | Ticket: 6a5544a83ba47 | Status: SUCCESS | Message: Ticket scanned successfully. | Extra: {"child_id":302546,"remaining":null}
[2026-08-17 01:22:40] Event: 54 | Ticket: 6a75007eb494a | Status: FAILED | Message: Check-in limit exceeded! | Extra: {"child_id":303410}
[2026-08-17 01:22:43] Event: 54 | Ticket: 6a808591663a1 | Status: SUCCESS | Message: Ticket scanned successfully. | Extra: {"child_id":34231889,"remaining":0}
[2026-08-17 01:22:44] Event: 54 | Ticket: 6a77ee9d5e134 | Status: SUCCESS | Message: Ticket scanned successfully. | Extra: {"child_id":303488,"remaining":0}
[2026-08-17 01:22:53] Event: 54 | Ticket: 6a5544a83b855 | Status: SUCCESS | Message: Ticket scanned successfully. | Extra: {"child_id":302544,"remaining":null}
[2026-08-17 01:22:56] Event: 54 | Ticket: 6a808591663a1 | Status: FAILED | Message: Check-in limit exceeded! | Extra: {"child_id":34231889}
[2026-08-17 01:23:05] Event: 54 | Ticket: 6a808591663a1 | Status: FAILED | Message: Check-in limit exceeded! | Extra: {"child_id":34231889}
[2026-08-17 01:23:20] Event: 54 | Ticket: 6a56fb3d22224 | Status: SUCCESS | Message: Ticket scanned successfully. | Extra: {"child_id":302612,"remaining":null}
[2026-08-17 01:23:26] Event: 54 | Ticket: 6a56fb3d2216b | Status: SUCCESS | Message: Ticket scanned successfully. | Extra: {"child_id":302611,"remaining":null}
[2026-08-17 01:23:29] Event: 54 | Ticket: 6a808591663a1 | Status: FAILED | Message: Check-in limit exceeded! | Extra: {"child_id":34231889}
[2026-08-17 01:23:31] Event: 54 | Ticket: 6a56fb3d220ae | Status: SUCCESS | Message: Ticket scanned successfully. | Extra: {"child_id":302610,"remaining":null}
[2026-08-17 01:23:34] Event: 54 | Ticket: 6a808591663a1 | Status: FAILED | Message: Check-in limit exceeded! | Extra: {"child_id":34231889}
[2026-08-17 01:23:36] Event: 54 | Ticket: 6a56fb3d21ff3 | Status: SUCCESS | Message: Ticket scanned successfully. | Extra: {"child_id":302609,"remaining":null}
[2026-08-17 01:23:40] Event: 54 | Ticket: 6a56fb3d21f36 | Status: SUCCESS | Message: Ticket scanned successfully. | Extra: {"child_id":302608,"remaining":null}
[2026-08-17 01:23:44] Event: 54 | Ticket: 6a56fb3d21e7b | Status: SUCCESS | Message: Ticket scanned successfully. | Extra: {"child_id":302607,"remaining":null}
[2026-08-17 01:23:50] Event: 54 | Ticket: 6a821c56271c1 | Status: SUCCESS | Message: Ticket scanned successfully. | Extra: {"child_id":34231950,"remaining":0}
[2026-08-17 01:23:58] Event: 54 | Ticket: 6a821c562793e | Status: SUCCESS | Message: Ticket scanned successfully. | Extra: {"child_id":34231951,"remaining":0}
[2026-08-17 01:24:04] Event: 54 | Ticket: 6a7de0ede367b | Status: SUCCESS | Message: Ticket scanned successfully. | Extra: {"child_id":34231819,"remaining":0}
[2026-08-17 01:24:09] Event: 54 | Ticket: 6a7de0ede3f23 | Status: SUCCESS | Message: Ticket scanned successfully. | Extra: {"child_id":34231820,"remaining":0}
[2026-08-17 01:24:30] Event: 54 | Ticket: 6a71386754165 | Status: SUCCESS | Message: Ticket scanned successfully. | Extra: {"child_id":303359,"remaining":0}
[2026-08-17 01:24:36] Event: 54 | Ticket: 6a71386754905 | Status: SUCCESS | Message: Ticket scanned successfully. | Extra: {"child_id":303360,"remaining":0}
[2026-08-17 01:24:39] Event: 54 | Ticket: 6a6cd12272214 | Status: SUCCESS | Message: Ticket scanned successfully. | Extra: {"child_id":303260,"remaining":0}
[2026-08-17 01:24:40] Event: 54 | Ticket: 6a71386754a96 | Status: SUCCESS | Message: Ticket scanned successfully. | Extra: {"child_id":303361,"remaining":0}
[2026-08-17 01:24:44] Event: 54 | Ticket: 6a6cd122725db | Status: SUCCESS | Message: Ticket scanned successfully. | Extra: {"child_id":303261,"remaining":0}
[2026-08-17 01:24:48] Event: 54 | Ticket: 6a6cd12272765 | Status: SUCCESS | Message: Ticket scanned successfully. | Extra: {"child_id":303262,"remaining":0}
[2026-08-17 01:24:52] Event: 54 | Ticket: 6a6cd122728ac | Status: SUCCESS | Message: Ticket scanned successfully. | Extra: {"child_id":303263,"remaining":0}
[2026-08-17 01:25:16] Event: 54 | Ticket: 6a6bf59e30a3a | Status: SUCCESS | Message: Ticket scanned successfully. | Extra: {"child_id":303231,"remaining":null}
[2026-08-17 01:25:19] Event: 54 | Ticket: 6a6bf59e30bc9 | Status: SUCCESS | Message: Ticket scanned successfully. | Extra: {"child_id":303232,"remaining":null}
[2026-08-17 01:25:21] Event: 54 | Ticket: 6a808591663a1 | Status: FAILED | Message: Check-in limit exceeded! | Extra: {"child_id":34231889}
[2026-08-17 01:25:27] Event: 54 | Ticket: 6a6bf59e30213 | Status: SUCCESS | Message: Ticket scanned successfully. | Extra: {"child_id":303230,"remaining":null}
[2026-08-17 01:25:28] Event: 54 | Ticket: 6a808591663a1 | Status: FAILED | Message: Check-in limit exceeded! | Extra: {"child_id":34231889}
[2026-08-17 01:25:34] Event: 54 | Ticket: 6a76436b1de1e | Status: SUCCESS | Message: Ticket scanned successfully. | Extra: {"child_id":303435,"remaining":0}
[2026-08-17 01:25:47] Event: 54 | Ticket: 6a76436b1e591 | Status: SUCCESS | Message: Ticket scanned successfully. | Extra: {"child_id":303436,"remaining":0}
[2026-08-17 01:26:01] Event: 54 | Ticket: 6a6b747bce664 | Status: SUCCESS | Message: Ticket scanned successfully. | Extra: {"child_id":303194,"remaining":null}
[2026-08-17 01:26:04] Event: 54 | Ticket: 6a6b747bce51a | Status: SUCCESS | Message: Ticket scanned successfully. | Extra: {"child_id":303193,"remaining":null}
[2026-08-17 01:26:09] Event: 54 | Ticket: 6a6b747bce51a | Status: SUCCESS | Message: Ticket scanned successfully. | Extra: {"child_id":303193,"remaining":null}
[2026-08-17 01:26:12] Event: 54 | Ticket: 6a6b747bce51a | Status: SUCCESS | Message: Ticket scanned successfully. | Extra: {"child_id":303193,"remaining":null}
[2026-08-17 01:26:14] Event: 54 | Ticket: 6a6b747bceccf | Status: SUCCESS | Message: Ticket scanned successfully. | Extra: {"child_id":303199,"remaining":null}
[2026-08-17 01:26:56] Event: 54 | Ticket: 6a650473cf559 | Status: SUCCESS | Message: Ticket scanned successfully. | Extra: {"child_id":303141,"remaining":null}
[2026-08-17 01:27:03] Event: 54 | Ticket: 6a650473cfbd6 | Status: SUCCESS | Message: Ticket scanned successfully. | Extra: {"child_id":303142,"remaining":null}
[2026-08-17 01:27:06] Event: 54 | Ticket: 6a650473cfcf7 | Status: SUCCESS | Message: Ticket scanned successfully. | Extra: {"child_id":303143,"remaining":null}
[2026-08-17 01:27:11] Event: 54 | Ticket: 6a650473cfe8b | Status: SUCCESS | Message: Ticket scanned successfully. | Extra: {"child_id":303144,"remaining":null}
[2026-08-17 01:27:44] Event: 54 | Ticket: 6a6e2a6bb54fb | Status: SUCCESS | Message: Ticket scanned successfully. | Extra: {"child_id":303285,"remaining":0}
[2026-08-17 01:27:50] Event: 54 | Ticket: 6a6e2a6bb5db4 | Status: SUCCESS | Message: Ticket scanned successfully. | Extra: {"child_id":303286,"remaining":0}
[2026-08-17 01:28:21] Event: 54 | Ticket: 6a75007eb494a | Status: FAILED | Message: Check-in limit exceeded! | Extra: {"child_id":303410}
[2026-08-17 01:28:50] Event: 54 | Ticket: 6a62e9a99ecf7 | Status: SUCCESS | Message: Ticket scanned successfully. | Extra: {"child_id":303095,"remaining":null}
[2026-08-17 01:28:51] Event: 54 | Ticket: 6a82170f029a7 | Status: SUCCESS | Message: Ticket scanned successfully. | Extra: {"child_id":34231948,"remaining":0}
[2026-08-17 01:28:59] Event: 54 | Ticket: 6a82170f02ddb | Status: SUCCESS | Message: Ticket scanned successfully. | Extra: {"child_id":34231949,"remaining":0}
[2026-08-17 01:29:15] Event: 54 | Ticket: 6a820a729d6fc | Status: SUCCESS | Message: Ticket scanned successfully. | Extra: {"child_id":34231936,"remaining":0}
[2026-08-17 01:29:23] Event: 54 | Ticket: 6a62e9a99f53b | Status: SUCCESS | Message: Ticket scanned successfully. | Extra: {"child_id":303096,"remaining":null}
[2026-08-17 01:29:38] Event: 54 | Ticket: 6a820a729cd79 | Status: FAILED | Message: Check-in limit exceeded! | Extra: {"child_id":34231932}
[2026-08-17 01:29:47] Event: 54 | Ticket: 6a56ee6934b70 | Status: SUCCESS | Message: Ticket scanned successfully. | Extra: {"child_id":302595,"remaining":null}
[2026-08-17 01:30:01] Event: 54 | Ticket: 6a820a729d19f | Status: FAILED | Message: Check-in limit exceeded! | Extra: {"child_id":34231933}
[2026-08-17 01:30:05] Event: 54 | Ticket: 6a56ee6934e28 | Status: SUCCESS | Message: Ticket scanned successfully. | Extra: {"child_id":302596,"remaining":null}
[2026-08-17 01:30:13] Event: 54 | Ticket: 6a820a729d6fc | Status: FAILED | Message: Check-in limit exceeded! | Extra: {"child_id":34231936}
[2026-08-17 01:30:18] Event: 54 | Ticket: 6a820a729d6fc | Status: FAILED | Message: Check-in limit exceeded! | Extra: {"child_id":34231936}
[2026-08-17 01:30:40] Event: 54 | Ticket: 6a55ab2142cfa | Status: SUCCESS | Message: Ticket scanned successfully. | Extra: {"child_id":302575,"remaining":null}
[2026-08-17 01:30:50] Event: 54 | Ticket: 6a55ab214265a | Status: SUCCESS | Message: Ticket scanned successfully. | Extra: {"child_id":302574,"remaining":null}
[2026-08-17 01:30:54] Event: 54 | Ticket: 6a77a03c5ff7f | Status: SUCCESS | Message: Ticket scanned successfully. | Extra: {"child_id":303477,"remaining":0}
[2026-08-17 01:30:59] Event: 54 | Ticket: 6a77a03c60812 | Status: SUCCESS | Message: Ticket scanned successfully. | Extra: {"child_id":303478,"remaining":0}
[2026-08-17 01:31:12] Event: 54 | Ticket: 6a56fb3d21c1b | Status: SUCCESS | Message: Ticket scanned successfully. | Extra: {"child_id":302604,"remaining":null}
[2026-08-17 01:31:19] Event: 54 | Ticket: 6a56fb3d21ab6 | Status: SUCCESS | Message: Ticket scanned successfully. | Extra: {"child_id":302603,"remaining":null}
[2026-08-17 01:31:22] Event: 54 | Ticket: 6a5fd1198f116 | Status: SUCCESS | Message: Ticket scanned successfully. | Extra: {"child_id":302954,"remaining":null}
[2026-08-17 01:31:30] Event: 54 | Ticket: 6a812bf685bd6 | Status: SUCCESS | Message: Ticket scanned successfully. | Extra: {"child_id":34231923,"remaining":0}
[2026-08-17 01:31:31] Event: 54 | Ticket: 6a5fd1198ef8e | Status: SUCCESS | Message: Ticket scanned successfully. | Extra: {"child_id":302953,"remaining":null}
[2026-08-17 01:31:36] Event: 54 | Ticket: 6a5fd1198e740 | Status: SUCCESS | Message: Ticket scanned successfully. | Extra: {"child_id":302951,"remaining":null}
[2026-08-17 01:31:40] Event: 54 | Ticket: 6a812bf686005 | Status: SUCCESS | Message: Ticket scanned successfully. | Extra: {"child_id":34231924,"remaining":0}
[2026-08-17 01:31:46] Event: 54 | Ticket: 6a7911bc60752 | Status: SUCCESS | Message: Ticket scanned successfully. | Extra: {"child_id":303502,"remaining":0}
[2026-08-17 01:31:51] Event: 54 | Ticket: 6a5fd1198ee6a | Status: SUCCESS | Message: Ticket scanned successfully. | Extra: {"child_id":302952,"remaining":null}
[2026-08-17 01:31:52] Event: 54 | Ticket: 6a77a452af1a0 | Status: SUCCESS | Message: Ticket scanned successfully. | Extra: {"child_id":303479,"remaining":0}
[2026-08-17 01:32:03] Event: 54 | Ticket: 6a77a452afa73 | Status: SUCCESS | Message: Ticket scanned successfully. | Extra: {"child_id":303480,"remaining":0}
[2026-08-17 01:32:06] Event: 54 | Ticket: 6a77a452afbe4 | Status: SUCCESS | Message: Ticket scanned successfully. | Extra: {"child_id":303481,"remaining":0}
[2026-08-17 01:32:20] Event: 54 | Ticket: 6a6e2b09ed283 | Status: SUCCESS | Message: Ticket scanned successfully. | Extra: {"child_id":303291,"remaining":0}
[2026-08-17 01:32:24] Event: 54 | Ticket: 6a6e2b09ecf9d | Status: SUCCESS | Message: Ticket scanned successfully. | Extra: {"child_id":303290,"remaining":0}
[2026-08-17 01:33:05] Event: 54 | Ticket: 6a80d246ad2b5 | Status: SUCCESS | Message: Ticket scanned successfully. | Extra: {"child_id":34231900,"remaining":0}
[2026-08-17 01:33:20] Event: 54 | Ticket: 6a80d246ad674 | Status: SUCCESS | Message: Ticket scanned successfully. | Extra: {"child_id":34231901,"remaining":0}
[2026-08-17 01:33:41] Event: 54 | Ticket: 6a6e2abf5ca49 | Status: SUCCESS | Message: Ticket scanned successfully. | Extra: {"child_id":303287,"remaining":0}
[2026-08-17 01:33:45] Event: 54 | Ticket: 6a6e2abf5ce8a | Status: SUCCESS | Message: Ticket scanned successfully. | Extra: {"child_id":303288,"remaining":0}
[2026-08-17 01:34:57] Event: 54 | Ticket: 6a6a2646a4ff9 | Status: SUCCESS | Message: Ticket scanned successfully. | Extra: {"child_id":303174,"remaining":null}
[2026-08-17 01:34:58] Event: 54 | Ticket: 6a72b95474576 | Status: SUCCESS | Message: Ticket scanned successfully. | Extra: {"child_id":303376,"remaining":0}
[2026-08-17 01:35:02] Event: 54 | Ticket: 6a72b95474d1c | Status: SUCCESS | Message: Ticket scanned successfully. | Extra: {"child_id":303377,"remaining":0}
[2026-08-17 01:35:03] Event: 54 | Ticket: 6a6a2646a56fb | Status: SUCCESS | Message: Ticket scanned successfully. | Extra: {"child_id":303175,"remaining":null}
[2026-08-17 01:35:07] Event: 54 | Ticket: 6a72b95474d1c | Status: FAILED | Message: Check-in limit exceeded! | Extra: {"child_id":303377}
[2026-08-17 01:35:13] Event: 54 | Ticket: 6a72b95474e40 | Status: SUCCESS | Message: Ticket scanned successfully. | Extra: {"child_id":303378,"remaining":0}
[2026-08-17 01:35:19] Event: 54 | Ticket: 6a72b95474e40 | Status: FAILED | Message: Check-in limit exceeded! | Extra: {"child_id":303378}
[2026-08-17 01:35:21] Event: 54 | Ticket: 6a72b95474f65 | Status: SUCCESS | Message: Ticket scanned successfully. | Extra: {"child_id":303379,"remaining":0}
[2026-08-17 01:36:23] Event: 54 | Ticket: 6a6ad0fa9e830 | Status: SUCCESS | Message: Ticket scanned successfully. | Extra: {"child_id":303187,"remaining":null}
[2026-08-17 01:36:27] Event: 54 | Ticket: 6a6ad0fa9e6e1 | Status: SUCCESS | Message: Ticket scanned successfully. | Extra: {"child_id":303186,"remaining":null}
[2026-08-17 01:36:32] Event: 54 | Ticket: 6a6ad0fa9e4ab | Status: SUCCESS | Message: Ticket scanned successfully. | Extra: {"child_id":303185,"remaining":null}
[2026-08-17 01:36:34] Event: 54 | Ticket: 6a7614b54c636 | Status: SUCCESS | Message: Ticket scanned successfully. | Extra: {"child_id":303431,"remaining":0}
[2026-08-17 01:36:36] Event: 54 | Ticket: 6a6ad0fa9dc70 | Status: SUCCESS | Message: Ticket scanned successfully. | Extra: {"child_id":303184,"remaining":null}
[2026-08-17 01:36:44] Event: 54 | Ticket: 6a7614b54ce2b | Status: SUCCESS | Message: Ticket scanned successfully. | Extra: {"child_id":303432,"remaining":0}
[2026-08-17 01:38:03] Event: 54 | Ticket: 6a6d429636fd8 | Status: SUCCESS | Message: Ticket scanned successfully. | Extra: {"child_id":303281,"remaining":null}
[2026-08-17 01:38:04] Event: 54 | Ticket: 6a71f53e1560f | Status: SUCCESS | Message: Ticket scanned successfully. | Extra: {"child_id":303365,"remaining":0}
[2026-08-17 01:38:08] Event: 54 | Ticket: 6a81281a6204a | Status: SUCCESS | Message: Ticket scanned successfully. | Extra: {"child_id":34231922,"remaining":0}
[2026-08-17 01:38:16] Event: 54 | Ticket: 6a6d429636fd8 | Status: SUCCESS | Message: Ticket scanned successfully. | Extra: {"child_id":303281,"remaining":null}
[2026-08-17 01:40:36] Event: 54 | Ticket: 6a7fa97f3f5db | Status: SUCCESS | Message: Ticket scanned successfully. | Extra: {"child_id":34231857,"remaining":0}
[2026-08-17 01:40:40] Event: 54 | Ticket: 6a7fa97f3f9a5 | Status: SUCCESS | Message: Ticket scanned successfully. | Extra: {"child_id":34231858,"remaining":0}
[2026-08-17 01:40:46] Event: 54 | Ticket: 6a7fa97f3fb99 | Status: SUCCESS | Message: Ticket scanned successfully. | Extra: {"child_id":34231859,"remaining":0}
[2026-08-17 01:40:52] Event: 54 | Ticket: 6a7fa97f3fd82 | Status: SUCCESS | Message: Ticket scanned successfully. | Extra: {"child_id":34231860,"remaining":0}
[2026-08-17 01:40:58] Event: 54 | Ticket: 6a7fa97f3ff40 | Status: SUCCESS | Message: Ticket scanned successfully. | Extra: {"child_id":34231861,"remaining":0}
[2026-08-17 01:41:04] Event: 54 | Ticket: 6a7fa97f400cc | Status: SUCCESS | Message: Ticket scanned successfully. | Extra: {"child_id":34231862,"remaining":0}
[2026-08-17 01:41:10] Event: 54 | Ticket: 6a7fa97f400cc | Status: FAILED | Message: Check-in limit exceeded! | Extra: {"child_id":34231862}
[2026-08-17 01:41:10] Event: 54 | Ticket: 6a7e1ec783f1b | Status: SUCCESS | Message: Ticket scanned successfully. | Extra: {"child_id":34231822,"remaining":0}
[2026-08-17 01:41:15] Event: 54 | Ticket: 6a7fa97f4023e | Status: SUCCESS | Message: Ticket scanned successfully. | Extra: {"child_id":34231863,"remaining":0}
[2026-08-17 01:41:17] Event: 54 | Ticket: 6a7e1ec783f1b | Status: FAILED | Message: Check-in limit exceeded! | Extra: {"child_id":34231822}
[2026-08-17 01:41:23] Event: 54 | Ticket: 6a7e1ec783f1b | Status: FAILED | Message: Check-in limit exceeded! | Extra: {"child_id":34231822}
[2026-08-17 01:41:27] Event: 54 | Ticket: 6a6e31d481cb4 | Status: SUCCESS | Message: Ticket scanned successfully. | Extra: {"child_id":303308,"remaining":0}
[2026-08-17 01:41:31] Event: 54 | Ticket: 6a6e31d482013 | Status: SUCCESS | Message: Ticket scanned successfully. | Extra: {"child_id":303309,"remaining":0}
[2026-08-17 01:41:33] Event: 54 | Ticket: 6a6e31d48222f | Status: SUCCESS | Message: Ticket scanned successfully. | Extra: {"child_id":303310,"remaining":0}
[2026-08-17 01:41:35] Event: 54 | Ticket: 6a6e31d482307 | Status: SUCCESS | Message: Ticket scanned successfully. | Extra: {"child_id":303311,"remaining":0}
[2026-08-17 01:42:58] Event: 54 | Ticket: 6a66d7635c525 | Status: SUCCESS | Message: Ticket scanned successfully. | Extra: {"child_id":303153,"remaining":null}
[2026-08-17 01:43:59] Event: 54 | Ticket: 6a8220e11a377 | Status: FAILED | Message: Check-in limit exceeded! | Extra: {"child_id":34231955}
[2026-08-17 01:44:04] Event: 54 | Ticket: 6a75007eb494a | Status: FAILED | Message: Check-in limit exceeded! | Extra: {"child_id":303410}
[2026-08-17 01:44:11] Event: 54 | Ticket: 6a8220e11a377 | Status: FAILED | Message: Check-in limit exceeded! | Extra: {"child_id":34231955}
[2026-08-17 01:44:24] Event: 54 | Ticket: 6a8220e11a571 | Status: SUCCESS | Message: Ticket scanned successfully. | Extra: {"child_id":34231956,"remaining":0}
[2026-08-17 01:44:45] Event: 54 | Ticket: 6a75652c70295 | Status: SUCCESS | Message: Ticket scanned successfully. | Extra: {"child_id":303419,"remaining":0}
[2026-08-17 01:44:51] Event: 54 | Ticket: 6a75652c6fa06 | Status: SUCCESS | Message: Ticket scanned successfully. | Extra: {"child_id":303418,"remaining":0}
[2026-08-17 01:45:08] Event: 54 | Ticket: 6a8220e11a16f | Status: SUCCESS | Message: Ticket scanned successfully. | Extra: {"child_id":34231954,"remaining":0}
[2026-08-17 01:45:14] Event: 54 | Ticket: 6a75007eb494a | Status: FAILED | Message: Check-in limit exceeded! | Extra: {"child_id":303410}
[2026-08-17 01:45:26] Event: 54 | Ticket: 6a796bdaa1f03 | Status: SUCCESS | Message: Ticket scanned successfully. | Extra: {"child_id":303507,"remaining":0}
[2026-08-17 01:45:37] Event: 54 | Ticket: 6a796bdaa2290 | Status: SUCCESS | Message: Ticket scanned successfully. | Extra: {"child_id":303508,"remaining":0}
[2026-08-17 01:45:41] Event: 54 | Ticket: 6a5d80143f092 | Status: SUCCESS | Message: Ticket scanned successfully. | Extra: {"child_id":302792,"remaining":null}
[2026-08-17 01:45:47] Event: 54 | Ticket: 6a5d80143ee90 | Status: SUCCESS | Message: Ticket scanned successfully. | Extra: {"child_id":302791,"remaining":null}
[2026-08-17 01:45:57] Event: 54 | Ticket: 6a5d80143e5f9 | Status: SUCCESS | Message: Ticket scanned successfully. | Extra: {"child_id":302790,"remaining":null}
[2026-08-17 01:46:36] Event: 54 | Ticket: 6a8213e100c6e | Status: SUCCESS | Message: Ticket scanned successfully. | Extra: {"child_id":34231940,"remaining":0}
[2026-08-17 01:46:40] Event: 54 | Ticket: 6a8213e100e64 | Status: SUCCESS | Message: Ticket scanned successfully. | Extra: {"child_id":34231941,"remaining":0}
[2026-08-17 01:46:42] Event: 54 | Ticket: 6a7611e09aa99 | Status: SUCCESS | Message: Ticket scanned successfully. | Extra: {"child_id":303429,"remaining":0}
[2026-08-17 01:46:44] Event: 54 | Ticket: 6a8213e10106b | Status: SUCCESS | Message: Ticket scanned successfully. | Extra: {"child_id":34231942,"remaining":0}
[2026-08-17 01:46:47] Event: 54 | Ticket: 6a7611e09b210 | Status: SUCCESS | Message: Ticket scanned successfully. | Extra: {"child_id":303430,"remaining":0}
[2026-08-17 01:47:01] Event: 54 | Ticket: 6a5544a83c557 | Status: SUCCESS | Message: Ticket scanned successfully. | Extra: {"child_id":302557,"remaining":null}
[2026-08-17 01:47:05] Event: 54 | Ticket: 6a5544a83c614 | Status: SUCCESS | Message: Ticket scanned successfully. | Extra: {"child_id":302558,"remaining":null}
[2026-08-17 01:47:44] Event: 54 | Ticket: 6a5544a83c156 | Status: SUCCESS | Message: Ticket scanned successfully. | Extra: {"child_id":302553,"remaining":null}
[2026-08-17 01:47:48] Event: 54 | Ticket: 6a5544a83c290 | Status: SUCCESS | Message: Ticket scanned successfully. | Extra: {"child_id":302554,"remaining":null}
[2026-08-17 01:47:53] Event: 54 | Ticket: 6a7516f2d7981 | Status: SUCCESS | Message: Ticket scanned successfully. | Extra: {"child_id":303411,"remaining":0}
[2026-08-17 01:47:57] Event: 54 | Ticket: 6a7516f2d8031 | Status: SUCCESS | Message: Ticket scanned successfully. | Extra: {"child_id":303412,"remaining":0}
[2026-08-17 01:48:01] Event: 54 | Ticket: 6a7516f2d818b | Status: SUCCESS | Message: Ticket scanned successfully. | Extra: {"child_id":303413,"remaining":0}
[2026-08-17 01:48:04] Event: 54 | Ticket: 6a7516f2d82a6 | Status: SUCCESS | Message: Ticket scanned successfully. | Extra: {"child_id":303414,"remaining":0}
[2026-08-17 01:48:12] Event: 54 | Ticket: 6a5544a83b357 | Status: SUCCESS | Message: Ticket scanned successfully. | Extra: {"child_id":302539,"remaining":null}
[2026-08-17 01:48:19] Event: 54 | Ticket: 6a5544a83b46a | Status: SUCCESS | Message: Ticket scanned successfully. | Extra: {"child_id":302540,"remaining":null}
[2026-08-17 01:48:25] Event: 54 | Ticket: 6a5544a83bfbf | Status: SUCCESS | Message: Ticket scanned successfully. | Extra: {"child_id":302552,"remaining":null}
[2026-08-17 01:48:31] Event: 54 | Ticket: 6a5544a83b5c3 | Status: SUCCESS | Message: Ticket scanned successfully. | Extra: {"child_id":302541,"remaining":null}
[2026-08-17 01:48:35] Event: 54 | Ticket: 6a5544a83b6d3 | Status: SUCCESS | Message: Ticket scanned successfully. | Extra: {"child_id":302542,"remaining":null}
[2026-08-17 01:48:54] Event: 54 | Ticket: 6a7627a2da287 | Status: SUCCESS | Message: Ticket scanned successfully. | Extra: {"child_id":303433,"remaining":0}
[2026-08-17 01:48:59] Event: 54 | Ticket: 6a7627a2da889 | Status: SUCCESS | Message: Ticket scanned successfully. | Extra: {"child_id":303434,"remaining":0}
[2026-08-17 01:49:04] Event: 54 | Ticket: 6a75007eb494a | Status: FAILED | Message: Check-in limit exceeded! | Extra: {"child_id":303410}
[2026-08-17 01:50:11] Event: 54 | Ticket: 6a5544a83c389 | Status: SUCCESS | Message: Ticket scanned successfully. | Extra: {"child_id":302555,"remaining":null}
[2026-08-17 01:50:17] Event: 54 | Ticket: 6a75007eb494a | Status: FAILED | Message: Check-in limit exceeded! | Extra: {"child_id":303410}
[2026-08-17 01:51:40] Event: 54 | Ticket: 6a8230666a9a4 | Status: SUCCESS | Message: Ticket scanned successfully. | Extra: {"child_id":34231963,"remaining":0}
[2026-08-17 01:52:41] Event: 54 | Ticket: 6a8230666b4e5 | Status: SUCCESS | Message: Ticket scanned successfully. | Extra: {"child_id":34231964,"remaining":0}
[2026-08-17 01:55:41] Event: 54 | Ticket: 6a5544a83becc | Status: SUCCESS | Message: Ticket scanned successfully. | Extra: {"child_id":302551,"remaining":null}
[2026-08-17 01:55:45] Event: 54 | Ticket: 6a5544a83bb3b | Status: SUCCESS | Message: Ticket scanned successfully. | Extra: {"child_id":302547,"remaining":null}
[2026-08-17 01:58:59] Event: 54 | Ticket: 6a7ce12e6657e | Status: SUCCESS | Message: Ticket scanned successfully. | Extra: {"child_id":303602,"remaining":0}
[2026-08-17 02:00:50] Event: 54 | Ticket: 6a6b747bce378 | Status: SUCCESS | Message: Ticket scanned successfully. | Extra: {"child_id":303192,"remaining":null}
[2026-08-17 02:00:52] Event: 54 | Ticket: 6a6b747bcdbd6 | Status: SUCCESS | Message: Ticket scanned successfully. | Extra: {"child_id":303191,"remaining":null}
[2026-08-17 02:01:01] Event: 54 | Ticket: 6a6b747bcdbd6 | Status: SUCCESS | Message: Ticket scanned successfully. | Extra: {"child_id":303191,"remaining":null}
[2026-08-17 02:02:01] Event: 54 | Ticket: 6a7aa5ae58867 | Status: SUCCESS | Message: Ticket scanned successfully. | Extra: {"child_id":303547,"remaining":0}
[2026-08-17 02:02:48] Event: 54 | Ticket: 6a56ef53c9ec9 | Status: SUCCESS | Message: Ticket scanned successfully. | Extra: {"child_id":302600,"remaining":null}
[2026-08-17 02:02:57] Event: 54 | Ticket: 6a56ef53c9db5 | Status: SUCCESS | Message: Ticket scanned successfully. | Extra: {"child_id":302599,"remaining":null}
[2026-08-17 02:03:18] Event: 54 | Ticket: 6a56ef53c9c2e | Status: SUCCESS | Message: Ticket scanned successfully. | Extra: {"child_id":302598,"remaining":null}
[2026-08-17 02:03:28] Event: 54 | Ticket: 6a56ef53c97d0 | Status: SUCCESS | Message: Ticket scanned successfully. | Extra: {"child_id":302597,"remaining":null}
[2026-08-17 02:07:00] Event: 54 | Ticket: 6a776d74ede70 | Status: SUCCESS | Message: Ticket scanned successfully. | Extra: {"child_id":303451,"remaining":0}
[2026-08-17 02:07:09] Event: 54 | Ticket: 6a7682168eefa | Status: SUCCESS | Message: Ticket scanned successfully. | Extra: {"child_id":303437,"remaining":0}
[2026-08-17 02:07:18] Event: 54 | Ticket: 6a7682168f751 | Status: SUCCESS | Message: Ticket scanned successfully. | Extra: {"child_id":303438,"remaining":0}
