[2026-08-14 11:44:02] Event: 50 | Ticket: 6a7edb4653e8c | Status: FAILED | Message: Event is not started | Extra: {"child_id":34231830}
[2026-08-14 11:44:37] Event: 50 | Ticket: 6a7edb4653e8c | Status: SUCCESS | Message: Ticket scanned successfully. | Extra: {"child_id":34231830,"remaining":1}
[2026-08-14 11:45:01] Event: 50 | Ticket: 6a7edb4653e8c | Status: SUCCESS | Message: Ticket scanned successfully. | Extra: {"child_id":34231830,"remaining":0}
[2026-08-14 11:45:06] Event: 50 | Ticket: 6a7edb4653e8c | Status: FAILED | Message: Check-in limit exceeded! | Extra: {"child_id":34231830}
[2026-08-14 11:47:56] Event: 50 | Ticket: 6a7ed9d3ea5fd | Status: SUCCESS | Message: Ticket scanned successfully. | Extra: {"child_id":34231829,"remaining":0}
[2026-08-14 11:54:16] Event: 50 | Ticket: 6a7ed9d3ea5fd | Status: FAILED | Message: Check-in limit exceeded! | Extra: {"child_id":34231829}
[2026-08-14 11:54:24] Event: 50 | Ticket: 6a7ed9d3ea5fd | Status: FAILED | Message: Check-in limit exceeded! | Extra: {"child_id":34231829}
[2026-08-14 11:55:10] Event: 50 | Ticket: 6a7ed9d3ea5fd | Status: SUCCESS | Message: Ticket scanned successfully. | Extra: {"child_id":34231829,"remaining":0}
[2026-08-14 11:56:09] Event: 50 | Ticket: 6a7ed9d3ea5fd | Status: SUCCESS | Message: Ticket scanned successfully. | Extra: {"child_id":34231829,"remaining":0}
[2026-08-14 12:00:52] Event: 50 | Ticket: 6a7ed9d3ea5fd | Status: SUCCESS | Message: Ticket scanned successfully. | Extra: {"child_id":34231829,"remaining":1}
[2026-08-14 12:04:04] Event: 50 | Ticket: 6a7c9c2b404b0 | Status: FAILED | Message: Event ID mismatch. | Extra: {"child_id":303589,"order_event_id":55}
[2026-08-14 12:04:53] Event: 50 | Ticket: 6a7edb4653e8c | Status: SUCCESS | Message: Ticket scanned successfully. | Extra: {"child_id":34231830,"remaining":1}
[2026-08-14 12:08:03] Event: 50 | Ticket: 6a7edb4653e8c | Status: SUCCESS | Message: Ticket scanned successfully. | Extra: {"child_id":34231830,"remaining":1}
[2026-08-14 12:09:25] Event: 50 | Ticket: 6a7edb4653e8c | Status: SUCCESS | Message: Ticket scanned successfully. | Extra: {"child_id":34231830,"remaining":0}
[2026-08-14 12:10:10] Event: 50 | Ticket: 6a7edb4653e8c | Status: SUCCESS | Message: Ticket scanned successfully. | Extra: {"child_id":34231830,"remaining":1}
[2026-08-14 12:10:23] Event: 50 | Ticket: 6a7edb4653e8c | Status: SUCCESS | Message: Ticket scanned successfully. | Extra: {"child_id":34231830,"remaining":0}
[2026-08-14 12:11:38] Event: 50 | Ticket: 6a7edb4653e8c | Status: SUCCESS | Message: Ticket scanned successfully. | Extra: {"child_id":34231830,"remaining":0}
[2026-08-14 12:16:51] Event: 50 | Ticket: 6a7ed9d3ea5fd | Status: SUCCESS | Message: Ticket scanned successfully. | Extra: {"child_id":34231829,"remaining":0}
[2026-08-14 12:17:02] Event: 50 | Ticket: 6a7ed9d3ea5fd | Status: FAILED | Message: Check-in limit exceeded! | Extra: {"child_id":34231829}
[2026-08-14 12:17:07] Event: 50 | Ticket: 6a7ed9d3ea5fd | Status: FAILED | Message: Check-in limit exceeded! | Extra: {"child_id":34231829}
[2026-08-14 12:18:14] Event: 50 | Ticket: 6a7ed9d3ea5fd | Status: SUCCESS | Message: Ticket scanned successfully. | Extra: {"child_id":34231829,"remaining":0}
[2026-08-14 12:18:19] Event: 50 | Ticket: 6a7ed9d3ea5fd | Status: FAILED | Message: Check-in limit exceeded! | Extra: {"child_id":34231829}
[2026-08-14 12:18:25] Event: 50 | Ticket: 6a7ed9d3ea5fd | Status: FAILED | Message: Check-in limit exceeded! | Extra: {"child_id":34231829}
[2026-08-14 12:18:32] Event: 50 | Ticket: 6a7ed9d3ea5fd | Status: FAILED | Message: Check-in limit exceeded! | Extra: {"child_id":34231829}
[2026-08-15 00:34:04] Event: 50 | Ticket: 6a7fb3c16a42f | Status: SUCCESS | Message: Ticket scanned successfully. | Extra: {"child_id":34231867,"remaining":0}
[2026-08-15 00:37:28] Event: 50 | Ticket: 6a7fb3c16a42f | Status: FAILED | Message: Check-in limit exceeded! | Extra: {"child_id":34231867}
[2026-08-15 00:39:58] Event: 50 | Ticket: 6a7fb3c16a42f | Status: FAILED | Message: Check-in limit exceeded! | Extra: {"child_id":34231867}
[2026-08-15 01:49:54] Event: 50 | Ticket: 6a7fb3c16a42f | Status: FAILED | Message: Check-in limit exceeded! | Extra: {"child_id":34231867}
[2026-08-15 01:50:00] Event: 50 | Ticket: 6a7fb3c16a42f | Status: FAILED | Message: Check-in limit exceeded! | Extra: {"child_id":34231867}
[2026-08-15 01:52:09] Event: 50 | Ticket: 6a7fb3c16a42f | Status: FAILED | Message: Check-in limit exceeded! | Extra: {"child_id":34231867}
[2026-08-15 02:29:35] Event: 50 | Ticket: 6a7fce077aee6 | Status: SUCCESS | Message: Ticket scanned successfully. | Extra: {"child_id":34231884,"remaining":9}
[2026-08-15 02:30:57] Event: 50 | Ticket: 6a7fce077aee6 | Status: SUCCESS | Message: Ticket scanned successfully. | Extra: {"child_id":34231884,"remaining":8}
[2026-08-15 02:31:09] Event: 50 | Ticket: 6a7fce077aee6 | Status: SUCCESS | Message: Ticket scanned successfully. | Extra: {"child_id":34231884,"remaining":7}
[2026-08-15 03:48:05] Event: 50 | Ticket: 6a7b7bd8e6f84 | Status: SUCCESS | Message: Ticket scanned successfully. | Extra: {"child_id":303564,"remaining":0}
[2026-08-15 03:58:57] Event: 50 | Ticket: 6a5ad592325e1 | Status: SUCCESS | Message: Ticket scanned successfully. | Extra: {"child_id":302751,"remaining":0}
[2026-08-15 03:59:16] Event: 50 | Ticket: 6a5ad59232ef8 | Status: SUCCESS | Message: Ticket scanned successfully. | Extra: {"child_id":302752,"remaining":0}
[2026-08-15 04:21:10] Event: 50 | Ticket: 6a7b7c25ddf41 | Status: SUCCESS | Message: Ticket scanned successfully. | Extra: {"child_id":303567,"remaining":0}
[2026-08-15 04:24:18] Event: 50 | Ticket: 6a41f62e66921 | Status: SUCCESS | Message: Ticket scanned successfully. | Extra: {"child_id":302247,"remaining":0}
[2026-08-15 04:24:28] Event: 50 | Ticket: 6a41f62e6676b | Status: SUCCESS | Message: Ticket scanned successfully. | Extra: {"child_id":302246,"remaining":0}
[2026-08-15 04:24:32] Event: 50 | Ticket: 6a41f62e65cd0 | Status: SUCCESS | Message: Ticket scanned successfully. | Extra: {"child_id":302245,"remaining":0}
[2026-08-15 04:31:19] Event: 50 | Ticket: 6a7d262b7f052 | Status: SUCCESS | Message: Ticket scanned successfully. | Extra: {"child_id":303619,"remaining":0}
[2026-08-15 04:31:24] Event: 50 | Ticket: 6a7d262b7f7af | Status: SUCCESS | Message: Ticket scanned successfully. | Extra: {"child_id":303620,"remaining":0}
[2026-08-15 04:31:30] Event: 50 | Ticket: 6a7d262b7f980 | Status: SUCCESS | Message: Ticket scanned successfully. | Extra: {"child_id":303621,"remaining":0}
[2026-08-15 04:31:36] Event: 50 | Ticket: 6a7d262b7fb88 | Status: SUCCESS | Message: Ticket scanned successfully. | Extra: {"child_id":303622,"remaining":0}
[2026-08-15 04:31:53] Event: 50 | Ticket: 6a7d262b7fd20 | Status: SUCCESS | Message: Ticket scanned successfully. | Extra: {"child_id":303623,"remaining":0}
[2026-08-15 04:31:57] Event: 50 | Ticket: 6a7d262b7ff16 | Status: SUCCESS | Message: Ticket scanned successfully. | Extra: {"child_id":303624,"remaining":0}
[2026-08-15 04:33:54] Event: 50 | Ticket: 6a57ef9d0a5ac | Status: SUCCESS | Message: Ticket scanned successfully. | Extra: {"child_id":302689,"remaining":0}
[2026-08-15 04:34:08] Event: 50 | Ticket: 6a57f0931ae35 | Status: SUCCESS | Message: Ticket scanned successfully. | Extra: {"child_id":302719,"remaining":0}
[2026-08-15 04:34:19] Event: 50 | Ticket: 6a57ef9d0a422 | Status: SUCCESS | Message: Ticket scanned successfully. | Extra: {"child_id":302687,"remaining":0}
[2026-08-15 04:34:48] Event: 50 | Ticket: 6a57f05753fc1 | Status: SUCCESS | Message: Ticket scanned successfully. | Extra: {"child_id":302708,"remaining":0}
[2026-08-15 04:34:55] Event: 50 | Ticket: 6a529542eaa8b | Status: SUCCESS | Message: Ticket scanned successfully. | Extra: {"child_id":302485,"remaining":0}
[2026-08-15 04:35:35] Event: 50 | Ticket: 6a78c25fbcd9b | Status: SUCCESS | Message: Ticket scanned successfully. | Extra: {"child_id":303495,"remaining":0}
[2026-08-15 04:35:46] Event: 50 | Ticket: 6a78c25fbcd9b | Status: FAILED | Message: Check-in limit exceeded! | Extra: {"child_id":303495}
[2026-08-15 04:36:06] Event: 50 | Ticket: 6a78c25fbc9ac | Status: SUCCESS | Message: Ticket scanned successfully. | Extra: {"child_id":303494,"remaining":0}
[2026-08-15 04:39:21] Event: 50 | Ticket: 6a57f0575409f | Status: SUCCESS | Message: Ticket scanned successfully. | Extra: {"child_id":302709,"remaining":0}
[2026-08-15 04:39:23] Event: 50 | Ticket: 6a57f0575418a | Status: SUCCESS | Message: Ticket scanned successfully. | Extra: {"child_id":302710,"remaining":0}
[2026-08-15 04:39:35] Event: 50 | Ticket: 6a57f05754269 | Status: SUCCESS | Message: Ticket scanned successfully. | Extra: {"child_id":302711,"remaining":0}
[2026-08-15 04:39:35] Event: 50 | Ticket: 6a57f02eeb622 | Status: SUCCESS | Message: Ticket scanned successfully. | Extra: {"child_id":302696,"remaining":0}
[2026-08-15 04:40:02] Event: 50 | Ticket: 6a57f02eeb556 | Status: SUCCESS | Message: Ticket scanned successfully. | Extra: {"child_id":302695,"remaining":0}
[2026-08-15 04:40:04] Event: 50 | Ticket: 6a57f02eeb440 | Status: SUCCESS | Message: Ticket scanned successfully. | Extra: {"child_id":302694,"remaining":0}
[2026-08-15 04:40:11] Event: 50 | Ticket: 6a57ef9d0a66c | Status: SUCCESS | Message: Ticket scanned successfully. | Extra: {"child_id":302690,"remaining":0}
[2026-08-15 04:44:31] Event: 50 | Ticket: 6a429cda10c01 | Status: SUCCESS | Message: Ticket scanned successfully. | Extra: {"child_id":302249,"remaining":0}
[2026-08-15 04:44:41] Event: 50 | Ticket: 6a57f0931aad3 | Status: SUCCESS | Message: Ticket scanned successfully. | Extra: {"child_id":302716,"remaining":0}
[2026-08-15 04:44:56] Event: 50 | Ticket: 6a57f0931a8cc | Status: SUCCESS | Message: Ticket scanned successfully. | Extra: {"child_id":302714,"remaining":0}
[2026-08-15 04:48:57] Event: 50 | Ticket: 6a57f02eeb2bb | Status: SUCCESS | Message: Ticket scanned successfully. | Extra: {"child_id":302693,"remaining":0}
[2026-08-15 04:49:03] Event: 50 | Ticket: 6a57f0931a6ce | Status: SUCCESS | Message: Ticket scanned successfully. | Extra: {"child_id":302713,"remaining":0}
[2026-08-15 04:49:10] Event: 50 | Ticket: 6a57f02eead44 | Status: SUCCESS | Message: Ticket scanned successfully. | Extra: {"child_id":302692,"remaining":0}
[2026-08-15 04:49:17] Event: 50 | Ticket: 6a57f05753cc7 | Status: SUCCESS | Message: Ticket scanned successfully. | Extra: {"child_id":302705,"remaining":0}
[2026-08-15 04:50:34] Event: 50 | Ticket: 6a47f702da741 | Status: SUCCESS | Message: Ticket scanned successfully. | Extra: {"child_id":302388,"remaining":0}
[2026-08-15 04:51:11] Event: 50 | Ticket: 6a66b9914879d | Status: SUCCESS | Message: Ticket scanned successfully. | Extra: {"child_id":303148,"remaining":0}
[2026-08-15 04:51:32] Event: 50 | Ticket: 6a66b991480bf | Status: SUCCESS | Message: Ticket scanned successfully. | Extra: {"child_id":303147,"remaining":0}
[2026-08-15 04:54:02] Event: 50 | Ticket: 6a66b99148b68 | Status: SUCCESS | Message: Ticket scanned successfully. | Extra: {"child_id":303151,"remaining":0}
[2026-08-15 04:54:15] Event: 50 | Ticket: 6a66b99148a5f | Status: SUCCESS | Message: Ticket scanned successfully. | Extra: {"child_id":303150,"remaining":0}
[2026-08-15 04:54:22] Event: 50 | Ticket: 6a66b991488e0 | Status: SUCCESS | Message: Ticket scanned successfully. | Extra: {"child_id":303149,"remaining":0}
[2026-08-15 04:54:30] Event: 50 | Ticket: 6a57f0931a416 | Status: SUCCESS | Message: Ticket scanned successfully. | Extra: {"child_id":302712,"remaining":0}
[2026-08-15 04:55:29] Event: 50 | Ticket: 6a7f6b318e163 | Status: SUCCESS | Message: Ticket scanned successfully. | Extra: {"child_id":34231837,"remaining":0}
[2026-08-15 04:55:37] Event: 50 | Ticket: 6a7f6b318e5bb | Status: SUCCESS | Message: Ticket scanned successfully. | Extra: {"child_id":34231838,"remaining":0}
[2026-08-15 04:55:43] Event: 50 | Ticket: 6a7f6b318e78d | Status: SUCCESS | Message: Ticket scanned successfully. | Extra: {"child_id":34231839,"remaining":0}
[2026-08-15 04:55:57] Event: 50 | Ticket: 6a7f6b318e8ee | Status: SUCCESS | Message: Ticket scanned successfully. | Extra: {"child_id":34231840,"remaining":0}
[2026-08-15 04:56:04] Event: 50 | Ticket: 6a7f6b318ea76 | Status: SUCCESS | Message: Ticket scanned successfully. | Extra: {"child_id":34231841,"remaining":0}
[2026-08-15 04:56:12] Event: 50 | Ticket: 6a7f6b318ebc7 | Status: SUCCESS | Message: Ticket scanned successfully. | Extra: {"child_id":34231842,"remaining":0}
[2026-08-15 04:57:43] Event: 50 | Ticket: 6a429cda11771 | Status: SUCCESS | Message: Ticket scanned successfully. | Extra: {"child_id":302251,"remaining":0}
[2026-08-15 04:58:01] Event: 50 | Ticket: 6a4830153972e | Status: SUCCESS | Message: Ticket scanned successfully. | Extra: {"child_id":302389,"remaining":0}
[2026-08-15 04:58:08] Event: 50 | Ticket: 6a57f05753edc | Status: SUCCESS | Message: Ticket scanned successfully. | Extra: {"child_id":302707,"remaining":0}
[2026-08-15 04:58:25] Event: 50 | Ticket: 6a57f02eeb6ed | Status: SUCCESS | Message: Ticket scanned successfully. | Extra: {"child_id":302697,"remaining":0}
[2026-08-15 04:58:40] Event: 50 | Ticket: 6a57f05753edc | Status: FAILED | Message: Check-in limit exceeded! | Extra: {"child_id":302707}
[2026-08-15 04:58:40] Event: 50 | Ticket: 6a57f05753de4 | Status: SUCCESS | Message: Ticket scanned successfully. | Extra: {"child_id":302706,"remaining":0}
[2026-08-15 04:58:55] Event: 50 | Ticket: 6a57f0931af03 | Status: SUCCESS | Message: Ticket scanned successfully. | Extra: {"child_id":302720,"remaining":0}
[2026-08-15 04:59:01] Event: 50 | Ticket: 6a57f0931af03 | Status: FAILED | Message: Check-in limit exceeded! | Extra: {"child_id":302720}
[2026-08-15 04:59:11] Event: 50 | Ticket: 6a57f05753edc | Status: FAILED | Message: Check-in limit exceeded! | Extra: {"child_id":302707}
[2026-08-15 04:59:28] Event: 50 | Ticket: 6a57f05753edc | Status: FAILED | Message: Check-in limit exceeded! | Extra: {"child_id":302707}
[2026-08-15 04:59:37] Event: 50 | Ticket: 6a57f05753edc | Status: FAILED | Message: Check-in limit exceeded! | Extra: {"child_id":302707}
[2026-08-15 05:02:34] Event: 50 | Ticket: 6a57ef9d0a4e3 | Status: SUCCESS | Message: Ticket scanned successfully. | Extra: {"child_id":302688,"remaining":0}
[2026-08-15 05:08:02] Event: 50 | Ticket: 6a7ed9d3ea5fd | Status: SUCCESS | Message: Ticket scanned successfully. | Extra: {"child_id":34231829,"remaining":0}
[2026-08-15 05:10:44] Event: 50 | Ticket: 6a7d06bd8d438 | Status: SUCCESS | Message: Ticket scanned successfully. | Extra: {"child_id":303611,"remaining":0}
[2026-08-15 05:11:43] Event: 50 | Ticket: 6a7edb4653e8c | Status: SUCCESS | Message: Ticket scanned successfully. | Extra: {"child_id":34231830,"remaining":0}
[2026-08-15 05:12:47] Event: 50 | Ticket: 6a781884078cb | Status: SUCCESS | Message: Ticket scanned successfully. | Extra: {"child_id":303490,"remaining":0}
[2026-08-15 05:13:05] Event: 50 | Ticket: 6a7776018d9bd | Status: SUCCESS | Message: Ticket scanned successfully. | Extra: {"child_id":303452,"remaining":0}
[2026-08-15 05:13:06] Event: 50 | Ticket: 6a72b4e73eecd | Status: SUCCESS | Message: Ticket scanned successfully. | Extra: {"child_id":303375,"remaining":0}
[2026-08-15 05:13:19] Event: 50 | Ticket: 6a7cb06f1956c | Status: SUCCESS | Message: Ticket scanned successfully. | Extra: {"child_id":303595,"remaining":0}
[2026-08-15 05:13:21] Event: 50 | Ticket: 6a77f33c46cd7 | Status: SUCCESS | Message: Ticket scanned successfully. | Extra: {"child_id":303489,"remaining":0}
[2026-08-15 05:13:30] Event: 50 | Ticket: 6a7cbdc28d611 | Status: SUCCESS | Message: Ticket scanned successfully. | Extra: {"child_id":303596,"remaining":0}
[2026-08-15 05:13:32] Event: 50 | Ticket: 6a7d2d0d282bf | Status: SUCCESS | Message: Ticket scanned successfully. | Extra: {"child_id":303630,"remaining":0}
[2026-08-15 05:13:41] Event: 50 | Ticket: 6a7dde37ba1ce | Status: SUCCESS | Message: Ticket scanned successfully. | Extra: {"child_id":34231818,"remaining":0}
[2026-08-15 05:13:52] Event: 50 | Ticket: 6a7d21ebc52cd | Status: SUCCESS | Message: Ticket scanned successfully. | Extra: {"child_id":303618,"remaining":0}
[2026-08-15 05:13:56] Event: 50 | Ticket: 6a74198061c40 | Status: SUCCESS | Message: Ticket scanned successfully. | Extra: {"child_id":303397,"remaining":0}
[2026-08-15 05:14:07] Event: 50 | Ticket: 6a74198061ee0 | Status: SUCCESS | Message: Ticket scanned successfully. | Extra: {"child_id":303398,"remaining":0}
[2026-08-15 05:14:15] Event: 50 | Ticket: 6a74198061ff6 | Status: SUCCESS | Message: Ticket scanned successfully. | Extra: {"child_id":303399,"remaining":0}
[2026-08-15 05:14:38] Event: 50 | Ticket: 6a57f02eeb9f4 | Status: SUCCESS | Message: Ticket scanned successfully. | Extra: {"child_id":302701,"remaining":0}
[2026-08-15 05:18:06] Event: 50 | Ticket: 6a6d0c204b037 | Status: SUCCESS | Message: Ticket scanned successfully. | Extra: {"child_id":303276,"remaining":0}
[2026-08-15 05:18:50] Event: 50 | Ticket: 6a6717f3df19f | Status: SUCCESS | Message: Ticket scanned successfully. | Extra: {"child_id":303155,"remaining":0}
[2026-08-15 05:18:56] Event: 50 | Ticket: 6a57f05753be2 | Status: SUCCESS | Message: Ticket scanned successfully. | Extra: {"child_id":302704,"remaining":0}
[2026-08-15 05:19:00] Event: 50 | Ticket: 6a6717f3df892 | Status: SUCCESS | Message: Ticket scanned successfully. | Extra: {"child_id":303156,"remaining":0}
[2026-08-15 05:19:02] Event: 50 | Ticket: 6a57f05753878 | Status: SUCCESS | Message: Ticket scanned successfully. | Extra: {"child_id":302702,"remaining":0}
[2026-08-15 05:25:26] Event: 50 | Ticket: 6a57ef9d0a287 | Status: SUCCESS | Message: Ticket scanned successfully. | Extra: {"child_id":302685,"remaining":0}
[2026-08-15 05:27:08] Event: 50 | Ticket: 6a4dd81258aa3 | Status: SUCCESS | Message: Ticket scanned successfully. | Extra: {"child_id":302471,"remaining":0}
[2026-08-15 05:27:20] Event: 50 | Ticket: 6a4dd81259121 | Status: SUCCESS | Message: Ticket scanned successfully. | Extra: {"child_id":302472,"remaining":0}
[2026-08-15 05:28:11] Event: 50 | Ticket: 6a7fd655ec5d3 | Status: SUCCESS | Message: Ticket scanned successfully. | Extra: {"child_id":34231885,"remaining":0}
[2026-08-15 05:30:10] Event: 50 | Ticket: 6a7cf5057b0a7 | Status: SUCCESS | Message: Ticket scanned successfully. | Extra: {"child_id":303610,"remaining":0}
[2026-08-15 05:30:18] Event: 50 | Ticket: 6a7cf5057aecf | Status: SUCCESS | Message: Ticket scanned successfully. | Extra: {"child_id":303609,"remaining":0}
[2026-08-15 05:30:39] Event: 50 | Ticket: 6a7cf5057a697 | Status: SUCCESS | Message: Ticket scanned successfully. | Extra: {"child_id":303608,"remaining":0}
[2026-08-15 05:30:50] Event: 50 | Ticket: 6a7fccc55f562 | Status: SUCCESS | Message: Ticket scanned successfully. | Extra: {"child_id":34231883,"remaining":0}
[2026-08-15 05:32:57] Event: 50 | Ticket: 6a57ef9d0a35d | Status: SUCCESS | Message: Ticket scanned successfully. | Extra: {"child_id":302686,"remaining":0}
[2026-08-15 05:33:03] Event: 50 | Ticket: 6a4744a66042a | Status: SUCCESS | Message: Ticket scanned successfully. | Extra: {"child_id":302387,"remaining":0}
[2026-08-15 05:33:08] Event: 50 | Ticket: 6a57f0931a9f9 | Status: SUCCESS | Message: Ticket scanned successfully. | Extra: {"child_id":302715,"remaining":0}
[2026-08-15 05:33:29] Event: 50 | Ticket: 6a57f02eeb937 | Status: SUCCESS | Message: Ticket scanned successfully. | Extra: {"child_id":302700,"remaining":0}
[2026-08-15 05:33:34] Event: 50 | Ticket: 6a7432365d61f | Status: SUCCESS | Message: Ticket scanned successfully. | Extra: {"child_id":303402,"remaining":0}
[2026-08-15 05:34:39] Event: 50 | Ticket: 6a57ef9d0a728 | Status: SUCCESS | Message: Ticket scanned successfully. | Extra: {"child_id":302691,"remaining":0}
[2026-08-15 05:36:04] Event: 50 | Ticket: 6a7e7f7694894 | Status: SUCCESS | Message: Ticket scanned successfully. | Extra: {"child_id":34231825,"remaining":0}
[2026-08-15 05:43:51] Event: 50 | Ticket: 6a7fa2e3d7d06 | Status: SUCCESS | Message: Ticket scanned successfully. | Extra: {"child_id":34231852,"remaining":0}
[2026-08-15 05:43:58] Event: 50 | Ticket: 6a7fa2e3d8b79 | Status: SUCCESS | Message: Ticket scanned successfully. | Extra: {"child_id":34231853,"remaining":0}
[2026-08-15 05:44:08] Event: 50 | Ticket: 6a7fa2e3d8d52 | Status: SUCCESS | Message: Ticket scanned successfully. | Extra: {"child_id":34231854,"remaining":0}
[2026-08-15 05:45:19] Event: 50 | Ticket: 6a7d2d0d270ca | Status: SUCCESS | Message: Ticket scanned successfully. | Extra: {"child_id":303625,"remaining":0}
[2026-08-15 05:45:20] Event: 50 | Ticket: 6a7f52b8d0eb5 | Status: SUCCESS | Message: Ticket scanned successfully. | Extra: {"child_id":34231834,"remaining":0}
[2026-08-15 05:45:32] Event: 50 | Ticket: 6a7d2d0d27bc5 | Status: SUCCESS | Message: Ticket scanned successfully. | Extra: {"child_id":303626,"remaining":0}
[2026-08-15 05:45:46] Event: 50 | Ticket: 6a7d2d0d2810b | Status: SUCCESS | Message: Ticket scanned successfully. | Extra: {"child_id":303629,"remaining":0}
[2026-08-15 05:46:17] Event: 50 | Ticket: 6a4881ea748fe | Status: SUCCESS | Message: Ticket scanned successfully. | Extra: {"child_id":302390,"remaining":0}
[2026-08-15 05:47:49] Event: 50 | Ticket: 6a7d2d0d270ca | Status: FAILED | Message: Check-in limit exceeded! | Extra: {"child_id":303625}
[2026-08-15 05:47:54] Event: 50 | Ticket: 6a7d2d0d27bc5 | Status: FAILED | Message: Check-in limit exceeded! | Extra: {"child_id":303626}
[2026-08-15 05:47:59] Event: 50 | Ticket: 6a7d2d0d27dc8 | Status: SUCCESS | Message: Ticket scanned successfully. | Extra: {"child_id":303627,"remaining":0}
[2026-08-15 05:48:57] Event: 50 | Ticket: 6a429cda1165f | Status: SUCCESS | Message: Ticket scanned successfully. | Extra: {"child_id":302250,"remaining":0}
[2026-08-15 05:49:09] Event: 50 | Ticket: 6a57f0931ac13 | Status: SUCCESS | Message: Ticket scanned successfully. | Extra: {"child_id":302717,"remaining":0}
[2026-08-15 05:49:20] Event: 50 | Ticket: 6a57f02eeb878 | Status: SUCCESS | Message: Ticket scanned successfully. | Extra: {"child_id":302699,"remaining":0}
[2026-08-15 05:53:00] Event: 50 | Ticket: 6a57ef9d0a065 | Status: SUCCESS | Message: Ticket scanned successfully. | Extra: {"child_id":302683,"remaining":0}
[2026-08-15 05:53:06] Event: 50 | Ticket: 6a57ef9d09dbf | Status: SUCCESS | Message: Ticket scanned successfully. | Extra: {"child_id":302682,"remaining":0}
[2026-08-15 05:53:13] Event: 50 | Ticket: 6a57f05753acf | Status: SUCCESS | Message: Ticket scanned successfully. | Extra: {"child_id":302703,"remaining":0}
[2026-08-15 05:53:19] Event: 50 | Ticket: 6a431d35545a4 | Status: SUCCESS | Message: Ticket scanned successfully. | Extra: {"child_id":302304,"remaining":0}
[2026-08-15 05:53:26] Event: 50 | Ticket: 6a57f0931ad2c | Status: SUCCESS | Message: Ticket scanned successfully. | Extra: {"child_id":302718,"remaining":0}
[2026-08-15 06:05:47] Event: 50 | Ticket: 6a7b91a11fbe6 | Status: SUCCESS | Message: Ticket scanned successfully. | Extra: {"child_id":303573,"remaining":0}
[2026-08-15 06:05:51] Event: 50 | Ticket: 6a7b91a1202ff | Status: SUCCESS | Message: Ticket scanned successfully. | Extra: {"child_id":303574,"remaining":0}
[2026-08-15 06:08:47] Event: 50 | Ticket: 6a57ef9d0a15a | Status: SUCCESS | Message: Ticket scanned successfully. | Extra: {"child_id":302684,"remaining":0}
[2026-08-15 06:10:02] Event: 50 | Ticket: 6a4f18d81796b | Status: SUCCESS | Message: Ticket scanned successfully. | Extra: {"child_id":302473,"remaining":0}
[2026-08-15 06:17:17] Event: 50 | Ticket: 12024944 | Status: FAILED | Message: Ticket or seat not found. | Extra: []
[2026-08-15 06:20:47] Event: 50 | Ticket: 6a7ea0f39c7aa | Status: SUCCESS | Message: Ticket scanned successfully. | Extra: {"child_id":34231826,"remaining":0}
[2026-08-15 06:38:32] Event: 50 | Ticket: 6a703b42e0878 | Status: SUCCESS | Message: Ticket scanned successfully. | Extra: {"child_id":303347,"remaining":0}
[2026-08-15 06:57:36] Event: 50 | Ticket: 6a7fe6b057091 | Status: SUCCESS | Message: Ticket scanned successfully. | Extra: {"child_id":34231888,"remaining":0}
[2026-08-15 06:59:33] Event: 50 | Ticket: 6a7d2d0d27f2a | Status: SUCCESS | Message: Ticket scanned successfully. | Extra: {"child_id":303628,"remaining":0}
